bun test v1.3.12 (700fc117)

test\access-control-factory.test.ts:
(pass) detectProvider > returns null when nothing is configured
(pass) detectProvider > detects kisi when KISI_API_KEY is set
(pass) detectProvider > detects unifi-access when UNIFI_ACCESS_HOST is set
(pass) detectProvider > prefers kisi when both are configured
(pass) detectProvider > respects ACCESS_CONTROL_PROVIDER override
[2026-04-28T23:33:21.213Z] [32minfo[0m [[36maccess-control[0m] Creating access control provider: kisi
(pass) createProvider > creates Kisi provider
[2026-04-28T23:33:21.213Z] [32minfo[0m [[36maccess-control[0m] Creating access control provider: unifi-access
(pass) createProvider > creates UniFi Access provider
(pass) createProvider > throws when no provider configured
[2026-04-28T23:33:21.214Z] [32minfo[0m [[36maccess-control[0m] Creating access control provider: kisi
(pass) createProvider > throws for kisi without API key
[2026-04-28T23:33:21.214Z] [32minfo[0m [[36maccess-control[0m] Creating access control provider: unifi-access
(pass) createProvider > throws for unifi without host

test\access-control-routes.test.ts:
(pass) Access Control Routes > GET /health > returns health status with provider info [16.00ms]
(pass) Access Control Routes > GET /health > returns connected=false when health check fails
(pass) Access Control Routes > GET /overview > returns combined overview with all entity types
(pass) Access Control Routes > GET /overview > works without getOverview method (fallback path)
(pass) Access Control Routes > GET /overview > returns 500 when provider throws [16.00ms]
(pass) Access Control Routes > GET /locations > returns paginated locations
(pass) Access Control Routes > GET /locations/:id > returns a specific location
(pass) Access Control Routes > GET /locations/:id > returns 500 when provider throws
(pass) Access Control Routes > GET /doors > returns paginated doors
(pass) Access Control Routes > GET /doors/:id > returns a specific door
(pass) Access Control Routes > POST /doors/:id/unlock > unlocks a door successfully [15.00ms]
(pass) Access Control Routes > POST /doors/:id/unlock > delegates to provider.unlock with correct door id
(pass) Access Control Routes > POST /doors/:id/unlock > returns 500 when unlock fails
(pass) Access Control Routes > GET /groups > returns paginated groups
(pass) Access Control Routes > GET /groups > returns 501 when provider lacks group support
(pass) Access Control Routes > GET /groups/:id > returns a specific group
(pass) Access Control Routes > GET /groups/:id > returns 501 without getGroup [16.00ms]
(pass) Access Control Routes > POST /groups > creates a new group
(pass) Access Control Routes > POST /groups > returns 501 without createGroup
(pass) Access Control Routes > DELETE /groups/:id > deletes a group
(pass) Access Control Routes > DELETE /groups/:id > returns 501 without deleteGroup
(pass) Access Control Routes > GET /group-doors > returns group-door assignments
(pass) Access Control Routes > GET /group-doors > returns 501 without getGroupDoors [16.00ms]
(pass) Access Control Routes > POST /group-doors > assigns a door to a group
(pass) Access Control Routes > POST /group-doors > returns 501 without assignDoorToGroup
(pass) Access Control Routes > DELETE /group-doors/:id > removes a door from a group
(pass) Access Control Routes > DELETE /group-doors/:id > returns 501 without removeDoorFromGroup [15.00ms]
(pass) Access Control Routes > GET /members > returns paginated members
(pass) Access Control Routes > GET /members > returns 501 without getMembers
(pass) Access Control Routes > GET /members/:id > returns a specific member
(pass) Access Control Routes > GET /members/:id > returns 501 without getMember
(pass) Access Control Routes > POST /members > creates a new member
(pass) Access Control Routes > POST /members > returns 501 without createMember [16.00ms]
(pass) Access Control Routes > DELETE /members/:id > deletes a member
(pass) Access Control Routes > DELETE /members/:id > returns 501 without deleteMember
(pass) Access Control Routes > GET /events > returns paginated events
(pass) Access Control Routes > GET /events > returns 501 without getEvents
(pass) Access Control Routes > error handling > returns 500 when getLocations throws
(pass) Access Control Routes > error handling > returns 500 when getDoors throws
(pass) Access Control Routes > error handling > returns 500 when getGroups throws [15.00ms]
(pass) Access Control Routes > error handling > returns 500 when createGroup throws
(pass) Access Control Routes > error handling > returns 500 when getMembers throws
(pass) Access Control Routes > minimal provider (no groups/members/events/sync) > core operations still work
(pass) Access Control Routes > minimal provider (no groups/members/events/sync) > optional operations return 501
(pass) Access Control Routes > minimal provider (no groups/members/events/sync) > overview still works via fallback path

test\app.integration.test.ts:
(pass) Basic app integration tests > GET / returns string
(pass) Basic app integration tests > GET /health returns healthy status
(pass) Basic app integration tests > GET /hello returns hi
(pass) Basic app integration tests > POST /echo echoes JSON body

test\auth-events-logger.test.ts:
(pass) Auth Events Logger ÔÇö Unit Tests > AuthEvent shape > should create a valid auth event
(pass) Auth Events Logger ÔÇö Unit Tests > AuthEvent shape > should support error events
(pass) Auth Events Logger ÔÇö Unit Tests > AuthEvent shape > should support all auth event types
(pass) Auth Events Logger ÔÇö Unit Tests > AuthEvent shape > should include sessionId for session-related events
(pass) Auth Events Logger ÔÇö Unit Tests > Analytics calculation > should calculate success rate correctly
(pass) Auth Events Logger ÔÇö Unit Tests > Analytics calculation > should group events by type
(pass) Auth Events Logger ÔÇö Unit Tests > Analytics calculation > should calculate hourly stats
(pass) Auth Events Logger ÔÇö Unit Tests > Analytics calculation > should return 100% success rate when no events
(pass) Auth Events Logger ÔÇö Unit Tests > Analytics calculation > should calculate top clients
(pass) Auth Events Logger ÔÇö Unit Tests > Event filtering > should filter by type
(pass) Auth Events Logger ÔÇö Unit Tests > Event filtering > should filter by success
(pass) Auth Events Logger ÔÇö Unit Tests > Event filtering > should filter by since date
(pass) Auth Events Logger ÔÇö Unit Tests > Event filtering > should filter by clientId
(pass) Auth Events Logger ÔÇö Unit Tests > Event filtering > should filter by userId
(pass) Auth Events Logger ÔÇö Unit Tests > Event filtering > should limit results
(pass) Auth Events Logger ÔÇö Unit Tests > Keycloak event mapping > should map success event correctly
(pass) Auth Events Logger ÔÇö Unit Tests > Keycloak event mapping > should map error event correctly
(pass) Auth Events Logger ÔÇö Unit Tests > Keycloak event mapping > should handle missing fields gracefully
(pass) Auth Events Logger ÔÇö Unit Tests > Deduplication > should skip events with duplicate IDs
(pass) Auth Events Logger ÔÇö Unit Tests > Ring buffer > should cap events at buffer size

test\auth.config.edge.test.ts:
[2026-04-28T23:33:21.753Z] warn [keycloak] Keycloak connection verification skipped: Not configured
(pass) Auth Config Route Edge Cases > returns isConfigured=false when Keycloak is not configured
[2026-04-28T23:33:21.754Z] [32minfo[0m [[36mkeycloak[0m] Checking Keycloak connection (attempt 1/1)...
[2026-04-28T23:33:21.763Z] error [keycloak] Keycloak connection check failed after all retry attempts
{
  "error": "Unable to connect. Is the computer able to access the url?"
}
[2026-04-28T23:33:21.763Z] warn [keycloak] Some Keycloak endpoints are not accessible, but critical authentication components are working
(pass) Auth Config Route Edge Cases > returns isConfigured=true when KEYCLOAK_BASE_URL is provided and preserves JSON shape [16.00ms]

test\auth.middleware.test.ts:
(pass) Auth-protected route behavior > responds 401 when Authorization header is missing
(pass) Auth-protected route behavior > responds 401 with wrong token
(pass) Auth-protected route behavior > accepts valid Authorization header and returns protected payload

test\auth.test.ts:
[2026-04-28T23:33:21.773Z] [32minfo[0m [[36mkeycloak[0m] Checking Keycloak connection (attempt 1/1)...
(pass) Auth Routes > should return 404 for unknown auth routes
[2026-04-28T23:33:21.774Z] error [keycloak] Keycloak connection check failed after all retry attempts
{
  "error": "Unable to connect. Is the computer able to access the url?"
}
[2026-04-28T23:33:21.774Z] warn [keycloak] Some Keycloak endpoints are not accessible, but critical authentication components are working
(pass) Auth Routes > should return auth config with keycloak info

test\auth_routes.integration.test.ts:
[2026-04-28T23:33:21.777Z] [32minfo[0m [[36mkeycloak[0m] Checking Keycloak connection (attempt 1/1)...
[2026-04-28T23:33:21.777Z] error [keycloak] Keycloak connection check failed after all retry attempts
{
  "error": "JWKS endpoint returned invalid or empty key set"
}
Keycloak connection check failed: warn: Keycloak connection verification failed after all retry attempts
      at checkKeycloakConnection (C:\Users\MaximilianNussbaumer\Workspace\smart-on-fhir-proxy\backend\src\init.ts:139:21)
      at async <anonymous> (C:\Users\MaximilianNussbaumer\Workspace\smart-on-fhir-proxy\backend\src\routes\auth\index.ts:128:13)
      at async handle (file:///C:/Users/MaximilianNussbaumer/Workspace/smart-on-fhir-proxy/node_modules/.bun/elysia@1.4.28+cafbaef579401ddd/node_modules/elysia/dist/compose.mjs:6:56)

warn: JWKS endpoint returned invalid or empty key set
      at checkKeycloakConnection (C:\Users\MaximilianNussbaumer\Workspace\smart-on-fhir-proxy\backend\src\init.ts:63:19)
      at async <anonymous> (C:\Users\MaximilianNussbaumer\Workspace\smart-on-fhir-proxy\backend\src\routes\auth\index.ts:128:13)
      at async handle (file:///C:/Users/MaximilianNussbaumer/Workspace/smart-on-fhir-proxy/node_modules/.bun/elysia@1.4.28+cafbaef579401ddd/node_modules/elysia/dist/compose.mjs:6:56)

(pass) Auth route integration tests > GET /auth/config returns a keycloak object with isConfigured boolean when Keycloak is reachable
[2026-04-28T23:33:21.778Z] [32minfo[0m [[36mkeycloak[0m] Checking Keycloak connection (attempt 1/1)...
[2026-04-28T23:33:21.779Z] error [keycloak] Keycloak connection check failed after all retry attempts
{
  "error": "network down"
}
[2026-04-28T23:33:21.779Z] warn [keycloak] Some Keycloak endpoints are not accessible, but critical authentication components are working
(pass) Auth route integration tests > GET /auth/config responds gracefully when Keycloak connectivity check throws

test\consent-enforcement.e2e.test.ts:
[2026-04-28T23:33:21.787Z] [34mdebug[0m [[36mconsent[0m] Cache cleared
{
  "entriesCleared": 0
}
[2026-04-28T23:33:21.788Z] [34mdebug[0m [[36mconsent[0m] Cache miss
{
  "key": "hapi:patient-123:test-client"
}
[2026-04-28T23:33:21.788Z] [34mdebug[0m [[36mconsent[0m] Fetching consents from FHIR server
{
  "searchUrl": "[server]/Consent?patient=Patient/patient-123&status=active&_count=100",
  "patientId": "patient-123",
  "clientId": "test-client"
}
[2026-04-28T23:33:21.789Z] [34mdebug[0m [[36mconsent[0m] Fetched consents
{
  "total": 1,
  "returned": 1
}
[2026-04-28T23:33:21.789Z] [34mdebug[0m [[36mconsent[0m] Cached consents
{
  "key": "hapi:patient-123:test-client",
  "consentCount": 1,
  "ttlMs": 60000
}
[2026-04-28T23:33:21.789Z] [32minfo[0m [[36mconsent[0m] Consent decision
{
  "decision": "permit",
  "enforced": true,
  "mode": "enforce",
  "consentId": "Consent/consent-permit-1",
  "patientId": "patient-123",
  "clientId": "test-client",
  "resourceType": "Patient",
  "method": "GET",
  "serverName": "hapi",
  "reason": "Access permitted by consent Consent/consent-permit-1"
}
[2026-04-28T23:33:21.789Z] [34mdebug[0m [[36mconsent[0m] Cache cleared
{
  "entriesCleared": 1
}
(pass) Consent Enforcement E2E > enforce mode ÔÇö permit / deny decisions > should PERMIT when an active consent exists for the client
[2026-04-28T23:33:21.789Z] [34mdebug[0m [[36mconsent[0m] Cache cleared
{
  "entriesCleared": 0
}
[2026-04-28T23:33:21.790Z] [34mdebug[0m [[36mconsent[0m] Cache miss
{
  "key": "hapi:patient-123:test-client"
}
[2026-04-28T23:33:21.790Z] [34mdebug[0m [[36mconsent[0m] Fetching consents from FHIR server
{
  "searchUrl": "[server]/Consent?patient=Patient/patient-123&status=active&_count=100",
  "patientId": "patient-123",
  "clientId": "test-client"
}
[2026-04-28T23:33:21.790Z] [34mdebug[0m [[36mconsent[0m] Fetched consents
{
  "total": 0,
  "returned": 0
}
[2026-04-28T23:33:21.790Z] [34mdebug[0m [[36mconsent[0m] Cached consents
{
  "key": "hapi:patient-123:test-client",
  "consentCount": 0,
  "ttlMs": 60000
}
[2026-04-28T23:33:21.790Z] warn [consent] Consent decision
{
  "decision": "deny",
  "enforced": true,
  "mode": "enforce",
  "consentId": null,
  "patientId": "patient-123",
  "clientId": "test-client",
  "resourceType": "Observation",
  "method": "GET",
  "serverName": "hapi",
  "reason": "No valid consent found for this client and resource"
}
[2026-04-28T23:33:21.790Z] [34mdebug[0m [[36mconsent[0m] Cache cleared
{
  "entriesCleared": 1
}
(pass) Consent Enforcement E2E > enforce mode ÔÇö permit / deny decisions > should DENY when no consent exists for the patient
[2026-04-28T23:33:21.790Z] [34mdebug[0m [[36mconsent[0m] Cache cleared
{
  "entriesCleared": 0
}
[2026-04-28T23:33:21.790Z] [34mdebug[0m [[36mconsent[0m] Cache miss
{
  "key": "hapi:patient-123:test-client"
}
[2026-04-28T23:33:21.790Z] [34mdebug[0m [[36mconsent[0m] Fetching consents from FHIR server
{
  "searchUrl": "[server]/Consent?patient=Patient/patient-123&status=active&_count=100",
  "patientId": "patient-123",
  "clientId": "test-client"
}
[2026-04-28T23:33:21.790Z] [34mdebug[0m [[36mconsent[0m] Fetched consents
{
  "total": 1,
  "returned": 1
}
[2026-04-28T23:33:21.790Z] [34mdebug[0m [[36mconsent[0m] Cached consents
{
  "key": "hapi:patient-123:test-client",
  "consentCount": 1,
  "ttlMs": 60000
}
[2026-04-28T23:33:21.790Z] warn [consent] Consent decision
{
  "decision": "deny",
  "enforced": true,
  "mode": "enforce",
  "consentId": "Consent/consent-deny-1",
  "patientId": "patient-123",
  "clientId": "test-client",
  "resourceType": "Observation",
  "method": "GET",
  "serverName": "hapi",
  "reason": "Access denied by consent Consent/consent-deny-1"
}
[2026-04-28T23:33:21.790Z] [34mdebug[0m [[36mconsent[0m] Cache cleared
{
  "entriesCleared": 1
}
(pass) Consent Enforcement E2E > enforce mode ÔÇö permit / deny decisions > should DENY when only an explicit deny consent exists
[2026-04-28T23:33:21.790Z] [34mdebug[0m [[36mconsent[0m] Cache cleared
{
  "entriesCleared": 0
}
[2026-04-28T23:33:21.790Z] [34mdebug[0m [[36mconsent[0m] Cache miss
{
  "key": "hapi:patient-123:test-client"
}
[2026-04-28T23:33:21.791Z] [34mdebug[0m [[36mconsent[0m] Fetching consents from FHIR server
{
  "searchUrl": "[server]/Consent?patient=Patient/patient-123&status=active&_count=100",
  "patientId": "patient-123",
  "clientId": "test-client"
}
[2026-04-28T23:33:21.791Z] [34mdebug[0m [[36mconsent[0m] Fetched consents
{
  "total": 2,
  "returned": 2
}
[2026-04-28T23:33:21.791Z] [34mdebug[0m [[36mconsent[0m] Cached consents
{
  "key": "hapi:patient-123:test-client",
  "consentCount": 2,
  "ttlMs": 60000
}
[2026-04-28T23:33:21.791Z] [32minfo[0m [[36mconsent[0m] Consent decision
{
  "decision": "permit",
  "enforced": true,
  "mode": "enforce",
  "consentId": "Consent/consent-permit-1",
  "patientId": "patient-123",
  "clientId": "test-client",
  "resourceType": "Observation",
  "method": "GET",
  "serverName": "hapi",
  "reason": "Access permitted by consent Consent/consent-permit-1"
}
[2026-04-28T23:33:21.791Z] [34mdebug[0m [[36mconsent[0m] Cache cleared
{
  "entriesCleared": 1
}
(pass) Consent Enforcement E2E > enforce mode ÔÇö permit / deny decisions > should PERMIT when a permit consent overrides a deny consent
[2026-04-28T23:33:21.791Z] [34mdebug[0m [[36mconsent[0m] Cache cleared
{
  "entriesCleared": 0
}
[2026-04-28T23:33:21.791Z] [34mdebug[0m [[36mconsent[0m] Cache miss
{
  "key": "hapi:patient-123:test-client"
}
[2026-04-28T23:33:21.791Z] [34mdebug[0m [[36mconsent[0m] Fetching consents from FHIR server
{
  "searchUrl": "[server]/Consent?patient=Patient/patient-123&status=active&_count=100",
  "patientId": "patient-123",
  "clientId": "test-client"
}
[2026-04-28T23:33:21.791Z] [34mdebug[0m [[36mconsent[0m] Fetched consents
{
  "total": 1,
  "returned": 1
}
[2026-04-28T23:33:21.791Z] [34mdebug[0m [[36mconsent[0m] Cached consents
{
  "key": "hapi:patient-123:test-client",
  "consentCount": 1,
  "ttlMs": 60000
}
[2026-04-28T23:33:21.791Z] warn [consent] Consent decision
{
  "decision": "deny",
  "enforced": true,
  "mode": "enforce",
  "consentId": null,
  "patientId": "patient-123",
  "clientId": "test-client",
  "resourceType": "Patient",
  "method": "GET",
  "serverName": "hapi",
  "reason": "No valid consent found for this client and resource"
}
[2026-04-28T23:33:21.791Z] [34mdebug[0m [[36mconsent[0m] Cache cleared
{
  "entriesCleared": 1
}
(pass) Consent Enforcement E2E > consent status and temporal validity > should skip inactive / draft consents (deny by default)
[2026-04-28T23:33:21.791Z] [34mdebug[0m [[36mconsent[0m] Cache cleared
{
  "entriesCleared": 0
}
[2026-04-28T23:33:21.791Z] [34mdebug[0m [[36mconsent[0m] Cache miss
{
  "key": "hapi:patient-123:test-client"
}
[2026-04-28T23:33:21.791Z] [34mdebug[0m [[36mconsent[0m] Fetching consents from FHIR server
{
  "searchUrl": "[server]/Consent?patient=Patient/patient-123&status=active&_count=100",
  "patientId": "patient-123",
  "clientId": "test-client"
}
[2026-04-28T23:33:21.791Z] [34mdebug[0m [[36mconsent[0m] Fetched consents
{
  "total": 1,
  "returned": 1
}
[2026-04-28T23:33:21.791Z] [34mdebug[0m [[36mconsent[0m] Cached consents
{
  "key": "hapi:patient-123:test-client",
  "consentCount": 1,
  "ttlMs": 60000
}
[2026-04-28T23:33:21.791Z] warn [consent] Consent decision
{
  "decision": "deny",
  "enforced": true,
  "mode": "enforce",
  "consentId": null,
  "patientId": "patient-123",
  "clientId": "test-client",
  "resourceType": "Patient",
  "method": "GET",
  "serverName": "hapi",
  "reason": "No valid consent found for this client and resource"
}
[2026-04-28T23:33:21.791Z] [34mdebug[0m [[36mconsent[0m] Cache cleared
{
  "entriesCleared": 1
}
(pass) Consent Enforcement E2E > consent status and temporal validity > should skip expired consents (deny by default)
[2026-04-28T23:33:21.791Z] [34mdebug[0m [[36mconsent[0m] Cache cleared
{
  "entriesCleared": 0
}
[2026-04-28T23:33:21.792Z] [34mdebug[0m [[36mconsent[0m] Cache miss
{
  "key": "hapi:patient-123:test-client"
}
[2026-04-28T23:33:21.792Z] [34mdebug[0m [[36mconsent[0m] Fetching consents from FHIR server
{
  "searchUrl": "[server]/Consent?patient=Patient/patient-123&status=active&_count=100",
  "patientId": "patient-123",
  "clientId": "test-client"
}
[2026-04-28T23:33:21.792Z] [34mdebug[0m [[36mconsent[0m] Fetched consents
{
  "total": 1,
  "returned": 1
}
[2026-04-28T23:33:21.792Z] [34mdebug[0m [[36mconsent[0m] Cached consents
{
  "key": "hapi:patient-123:test-client",
  "consentCount": 1,
  "ttlMs": 60000
}
[2026-04-28T23:33:21.792Z] [32minfo[0m [[36mconsent[0m] Consent decision
{
  "decision": "permit",
  "enforced": true,
  "mode": "enforce",
  "consentId": "Consent/consent-permit-restricted",
  "patientId": "patient-123",
  "clientId": "test-client",
  "resourceType": "Observation",
  "method": "GET",
  "serverName": "hapi",
  "reason": "Access permitted by consent Consent/consent-permit-restricted"
}
[2026-04-28T23:33:21.792Z] [34mdebug[0m [[36mconsent[0m] Cache cleared
{
  "entriesCleared": 1
}
(pass) Consent Enforcement E2E > resource-type restrictions in consent provisions > should PERMIT when provision class matches the requested resource type
[2026-04-28T23:33:21.792Z] [34mdebug[0m [[36mconsent[0m] Cache cleared
{
  "entriesCleared": 0
}
[2026-04-28T23:33:21.792Z] [34mdebug[0m [[36mconsent[0m] Cache miss
{
  "key": "hapi:patient-123:test-client"
}
[2026-04-28T23:33:21.792Z] [34mdebug[0m [[36mconsent[0m] Fetching consents from FHIR server
{
  "searchUrl": "[server]/Consent?patient=Patient/patient-123&status=active&_count=100",
  "patientId": "patient-123",
  "clientId": "test-client"
}
[2026-04-28T23:33:21.792Z] [34mdebug[0m [[36mconsent[0m] Fetched consents
{
  "total": 1,
  "returned": 1
}
[2026-04-28T23:33:21.792Z] [34mdebug[0m [[36mconsent[0m] Cached consents
{
  "key": "hapi:patient-123:test-client",
  "consentCount": 1,
  "ttlMs": 60000
}
[2026-04-28T23:33:21.792Z] warn [consent] Consent decision
{
  "decision": "deny",
  "enforced": true,
  "mode": "enforce",
  "consentId": null,
  "patientId": "patient-123",
  "clientId": "test-client",
  "resourceType": "MedicationRequest",
  "method": "GET",
  "serverName": "hapi",
  "reason": "No valid consent found for this client and resource"
}
[2026-04-28T23:33:21.792Z] [34mdebug[0m [[36mconsent[0m] Cache cleared
{
  "entriesCleared": 1
}
(pass) Consent Enforcement E2E > resource-type restrictions in consent provisions > should DENY when provision class does NOT match the requested resource type
[2026-04-28T23:33:21.792Z] [34mdebug[0m [[36mconsent[0m] Cache cleared
{
  "entriesCleared": 0
}
[2026-04-28T23:33:21.793Z] [34mdebug[0m [[36mconsent[0m] Cache miss
{
  "key": "hapi:patient-123:test-client"
}
[2026-04-28T23:33:21.793Z] [34mdebug[0m [[36mconsent[0m] Fetching consents from FHIR server
{
  "searchUrl": "[server]/Consent?patient=Patient/patient-123&status=active&_count=100",
  "patientId": "patient-123",
  "clientId": "test-client"
}
[2026-04-28T23:33:21.793Z] [34mdebug[0m [[36mconsent[0m] Fetched consents
{
  "total": 0,
  "returned": 0
}
[2026-04-28T23:33:21.793Z] [34mdebug[0m [[36mconsent[0m] Cached consents
{
  "key": "hapi:patient-123:test-client",
  "consentCount": 0,
  "ttlMs": 60000
}
[2026-04-28T23:33:21.793Z] [32minfo[0m [[36mconsent[0m] Consent decision
{
  "decision": "deny",
  "enforced": false,
  "mode": "audit-only",
  "consentId": null,
  "patientId": "patient-123",
  "clientId": "test-client",
  "resourceType": "Patient",
  "method": "GET",
  "serverName": "hapi",
  "reason": "No valid consent found for this client and resource"
}
[2026-04-28T23:33:21.793Z] [34mdebug[0m [[36mconsent[0m] Cache cleared
{
  "entriesCleared": 1
}
(pass) Consent Enforcement E2E > audit-only mode > should always PERMIT in audit-only mode (even without consent)
[2026-04-28T23:33:21.793Z] [34mdebug[0m [[36mconsent[0m] Cache cleared
{
  "entriesCleared": 0
}
[2026-04-28T23:33:21.793Z] [34mdebug[0m [[36mconsent[0m] Cache cleared
{
  "entriesCleared": 0
}
(pass) Consent Enforcement E2E > disabled mode > should auto-PERMIT when consent enforcement is disabled
[2026-04-28T23:33:21.793Z] [34mdebug[0m [[36mconsent[0m] Cache cleared
{
  "entriesCleared": 0
}
[2026-04-28T23:33:21.793Z] [34mdebug[0m [[36mconsent[0m] Cache cleared
{
  "entriesCleared": 0
}
(pass) Consent Enforcement E2E > disabled mode > should auto-PERMIT when CONSENT_ENABLED is false
[2026-04-28T23:33:21.793Z] [34mdebug[0m [[36mconsent[0m] Cache cleared
{
  "entriesCleared": 0
}
[2026-04-28T23:33:21.793Z] [34mdebug[0m [[36mconsent[0m] Cache cleared
{
  "entriesCleared": 0
}
(pass) Consent Enforcement E2E > exempt clients > should auto-PERMIT for clients in the exempt list
[2026-04-28T23:33:21.793Z] [34mdebug[0m [[36mconsent[0m] Cache cleared
{
  "entriesCleared": 0
}
[2026-04-28T23:33:21.794Z] [34mdebug[0m [[36mconsent[0m] Cache miss
{
  "key": "hapi:patient-123:other-client"
}
[2026-04-28T23:33:21.794Z] [34mdebug[0m [[36mconsent[0m] Fetching consents from FHIR server
{
  "searchUrl": "[server]/Consent?patient=Patient/patient-123&status=active&_count=100",
  "patientId": "patient-123",
  "clientId": "other-client"
}
[2026-04-28T23:33:21.794Z] [34mdebug[0m [[36mconsent[0m] Fetched consents
{
  "total": 0,
  "returned": 0
}
[2026-04-28T23:33:21.794Z] warn [consent] Consent decision
{
  "decision": "deny",
  "enforced": true,
  "mode": "enforce",
  "consentId": null,
  "patientId": "patient-123",
  "clientId": "other-client",
  "resourceType": "Patient",
  "method": "GET",
  "serverName": "hapi",
  "reason": "No valid consent found for this client and resource"
}
[2026-04-28T23:33:21.794Z] [34mdebug[0m [[36mconsent[0m] Cached consents
{
  "key": "hapi:patient-123:other-client",
  "consentCount": 0,
  "ttlMs": 60000
}
[2026-04-28T23:33:21.794Z] [34mdebug[0m [[36mconsent[0m] Cache cleared
{
  "entriesCleared": 1
}
(pass) Consent Enforcement E2E > exempt clients > should still check consent for non-exempt clients
[2026-04-28T23:33:21.794Z] [34mdebug[0m [[36mconsent[0m] Cache cleared
{
  "entriesCleared": 0
}
[2026-04-28T23:33:21.794Z] [34mdebug[0m [[36mconsent[0m] Cache cleared
{
  "entriesCleared": 0
}
(pass) Consent Enforcement E2E > exempt resource types > should auto-PERMIT for exempt resource types (CapabilityStatement)
[2026-04-28T23:33:21.794Z] [34mdebug[0m [[36mconsent[0m] Cache cleared
{
  "entriesCleared": 0
}
[2026-04-28T23:33:21.794Z] [34mdebug[0m [[36mconsent[0m] Cache cleared
{
  "entriesCleared": 0
}
(pass) Consent Enforcement E2E > exempt resource types > should auto-PERMIT for custom exempt resource types
[2026-04-28T23:33:21.794Z] [34mdebug[0m [[36mconsent[0m] Cache cleared
{
  "entriesCleared": 0
}
[2026-04-28T23:33:21.794Z] [34mdebug[0m [[36mconsent[0m] Cache cleared
{
  "entriesCleared": 0
}
(pass) Consent Enforcement E2E > required resource types filter > should skip consent check for resource types NOT in the required list
[2026-04-28T23:33:21.795Z] [34mdebug[0m [[36mconsent[0m] Cache cleared
{
  "entriesCleared": 0
}
[2026-04-28T23:33:21.795Z] [34mdebug[0m [[36mconsent[0m] Cache miss
{
  "key": "hapi:patient-123:test-client"
}
[2026-04-28T23:33:21.795Z] [34mdebug[0m [[36mconsent[0m] Fetching consents from FHIR server
{
  "searchUrl": "[server]/Consent?patient=Patient/patient-123&status=active&_count=100",
  "patientId": "patient-123",
  "clientId": "test-client"
}
[2026-04-28T23:33:21.795Z] [34mdebug[0m [[36mconsent[0m] Fetched consents
{
  "total": 0,
  "returned": 0
}
[2026-04-28T23:33:21.795Z] [34mdebug[0m [[36mconsent[0m] Cached consents
{
  "key": "hapi:patient-123:test-client",
  "consentCount": 0,
  "ttlMs": 60000
}
[2026-04-28T23:33:21.795Z] warn [consent] Consent decision
{
  "decision": "deny",
  "enforced": true,
  "mode": "enforce",
  "consentId": null,
  "patientId": "patient-123",
  "clientId": "test-client",
  "resourceType": "Observation",
  "method": "GET",
  "serverName": "hapi",
  "reason": "No valid consent found for this client and resource"
}
[2026-04-28T23:33:21.795Z] [34mdebug[0m [[36mconsent[0m] Cache cleared
{
  "entriesCleared": 1
}
[2026-04-28T23:33:21.795Z] [34mdebug[0m [[36mconsent[0m] Cache cleared
{
  "entriesCleared": 0
}
(pass) Consent Enforcement E2E > required resource types filter > should enforce consent for resource types IN the required list
[2026-04-28T23:33:21.795Z] [34mdebug[0m [[36mconsent[0m] Cache cleared
{
  "entriesCleared": 0
}
(pass) Consent Enforcement E2E > missing patient context > should auto-PERMIT when patient ID cannot be determined
[2026-04-28T23:33:21.795Z] [34mdebug[0m [[36mconsent[0m] Cache cleared
{
  "entriesCleared": 0
}
[2026-04-28T23:33:21.795Z] [34mdebug[0m [[36mconsent[0m] Cache miss
{
  "key": "hapi:patient-123:test-client"
}
[2026-04-28T23:33:21.795Z] [34mdebug[0m [[36mconsent[0m] Fetching consents from FHIR server
{
  "searchUrl": "[server]/Consent?patient=Patient/patient-123&status=active&_count=100",
  "patientId": "patient-123",
  "clientId": "test-client"
}
[2026-04-28T23:33:21.795Z] [34mdebug[0m [[36mconsent[0m] Fetched consents
{
  "total": 1,
  "returned": 1
}
[2026-04-28T23:33:21.795Z] [34mdebug[0m [[36mconsent[0m] Cached consents
{
  "key": "hapi:patient-123:test-client",
  "consentCount": 1,
  "ttlMs": 60000
}
[2026-04-28T23:33:21.795Z] [32minfo[0m [[36mconsent[0m] Consent decision
{
  "decision": "permit",
  "enforced": true,
  "mode": "enforce",
  "consentId": "Consent/consent-permit-1",
  "patientId": "patient-123",
  "clientId": "test-client",
  "resourceType": "Patient",
  "method": "GET",
  "serverName": "hapi",
  "reason": "Access permitted by consent Consent/consent-permit-1"
}
[2026-04-28T23:33:21.796Z] [34mdebug[0m [[36mconsent[0m] Cache hit
{
  "key": "hapi:patient-123:test-client",
  "consentCount": 1,
  "expiresIn": "60s"
}
[2026-04-28T23:33:21.796Z] [32minfo[0m [[36mconsent[0m] Consent decision
{
  "decision": "permit",
  "enforced": true,
  "mode": "enforce",
  "consentId": "Consent/consent-permit-1",
  "patientId": "patient-123",
  "clientId": "test-client",
  "resourceType": "Observation",
  "method": "GET",
  "serverName": "hapi",
  "reason": "Access permitted by consent Consent/consent-permit-1"
}
[2026-04-28T23:33:21.796Z] [34mdebug[0m [[36mconsent[0m] Cache cleared
{
  "entriesCleared": 1
}
[2026-04-28T23:33:21.796Z] [34mdebug[0m [[36mconsent[0m] Cache cleared
{
  "entriesCleared": 0
}
(pass) Consent Enforcement E2E > consent cache > should cache consent responses and reuse them
[2026-04-28T23:33:21.796Z] [34mdebug[0m [[36mconsent[0m] Cache miss
{
  "key": "hapi:patient-123:test-client"
}
[2026-04-28T23:33:21.796Z] [34mdebug[0m [[36mconsent[0m] Fetching consents from FHIR server
{
  "searchUrl": "[server]/Consent?patient=Patient/patient-123&status=active&_count=100",
  "patientId": "patient-123",
  "clientId": "test-client"
}
[2026-04-28T23:33:21.796Z] [34mdebug[0m [[36mconsent[0m] Fetched consents
{
  "total": 1,
  "returned": 1
}
[2026-04-28T23:33:21.796Z] [34mdebug[0m [[36mconsent[0m] Cached consents
{
  "key": "hapi:patient-123:test-client",
  "consentCount": 1,
  "ttlMs": 60000
}
[2026-04-28T23:33:21.796Z] [32minfo[0m [[36mconsent[0m] Consent decision
{
  "decision": "permit",
  "enforced": true,
  "mode": "enforce",
  "consentId": "Consent/consent-permit-1",
  "patientId": "patient-123",
  "clientId": "test-client",
  "resourceType": "Patient",
  "method": "GET",
  "serverName": "hapi",
  "reason": "Access permitted by consent Consent/consent-permit-1"
}
[2026-04-28T23:33:21.796Z] [34mdebug[0m [[36mconsent[0m] Invalidated patient cache entries
{
  "patientId": "patient-123",
  "count": 1
}
[2026-04-28T23:33:21.796Z] [34mdebug[0m [[36mconsent[0m] Cache miss
{
  "key": "hapi:patient-123:test-client"
}
[2026-04-28T23:33:21.796Z] [34mdebug[0m [[36mconsent[0m] Fetching consents from FHIR server
{
  "searchUrl": "[server]/Consent?patient=Patient/patient-123&status=active&_count=100",
  "patientId": "patient-123",
  "clientId": "test-client"
}
[2026-04-28T23:33:21.796Z] [34mdebug[0m [[36mconsent[0m] Fetched consents
{
  "total": 1,
  "returned": 1
}
[2026-04-28T23:33:21.796Z] [34mdebug[0m [[36mconsent[0m] Cached consents
{
  "key": "hapi:patient-123:test-client",
  "consentCount": 1,
  "ttlMs": 60000
}
[2026-04-28T23:33:21.796Z] [32minfo[0m [[36mconsent[0m] Consent decision
{
  "decision": "permit",
  "enforced": true,
  "mode": "enforce",
  "consentId": "Consent/consent-permit-1",
  "patientId": "patient-123",
  "clientId": "test-client",
  "resourceType": "Patient",
  "method": "GET",
  "serverName": "hapi",
  "reason": "Access permitted by consent Consent/consent-permit-1"
}
[2026-04-28T23:33:21.796Z] [34mdebug[0m [[36mconsent[0m] Cache cleared
{
  "entriesCleared": 1
}
(pass) Consent Enforcement E2E > consent cache > should fetch again after cache invalidation
[2026-04-28T23:33:21.796Z] [34mdebug[0m [[36mconsent[0m] Cache cleared
{
  "entriesCleared": 0
}
[2026-04-28T23:33:21.797Z] [34mdebug[0m [[36mconsent[0m] Cache miss
{
  "key": "hapi:patient-123:test-client"
}
[2026-04-28T23:33:21.797Z] [34mdebug[0m [[36mconsent[0m] Fetching consents from FHIR server
{
  "searchUrl": "[server]/Consent?patient=Patient/patient-123&status=active&_count=100",
  "patientId": "patient-123",
  "clientId": "test-client"
}
[2026-04-28T23:33:21.797Z] [34mdebug[0m [[36mconsent[0m] Fetched consents
{
  "total": 1,
  "returned": 1
}
[2026-04-28T23:33:21.797Z] [34mdebug[0m [[36mconsent[0m] Cached consents
{
  "key": "hapi:patient-123:test-client",
  "consentCount": 1,
  "ttlMs": 60000
}
[2026-04-28T23:33:21.797Z] [32minfo[0m [[36mconsent[0m] Consent decision
{
  "decision": "permit",
  "enforced": true,
  "mode": "enforce",
  "consentId": "Consent/consent-permit-1",
  "patientId": "patient-123",
  "clientId": "test-client",
  "resourceType": "Patient",
  "method": "GET",
  "serverName": "hapi",
  "reason": "Access permitted by consent Consent/consent-permit-1"
}
[2026-04-28T23:33:21.797Z] [34mdebug[0m [[36mconsent[0m] Cache cleared
{
  "entriesCleared": 1
}
(pass) Consent Enforcement E2E > consent cache > should report cache statistics
[2026-04-28T23:33:21.797Z] [34mdebug[0m [[36mconsent[0m] Cache cleared
{
  "entriesCleared": 0
}
[2026-04-28T23:33:21.797Z] [34mdebug[0m [[36mconsent[0m] Cache miss
{
  "key": "hapi:patient-123:test-client"
}
[2026-04-28T23:33:21.797Z] [34mdebug[0m [[36mconsent[0m] Fetching consents from FHIR server
{
  "searchUrl": "[server]/Consent?patient=Patient/patient-123&status=active&_count=100",
  "patientId": "patient-123",
  "clientId": "test-client"
}
[2026-04-28T23:33:21.797Z] warn [consent] Failed to fetch consents
{
  "status": 500,
  "statusText": ""
}
[2026-04-28T23:33:21.797Z] [34mdebug[0m [[36mconsent[0m] Cached consents
{
  "key": "hapi:patient-123:test-client",
  "consentCount": 0,
  "ttlMs": 60000
}
[2026-04-28T23:33:21.797Z] warn [consent] Consent decision
{
  "decision": "deny",
  "enforced": true,
  "mode": "enforce",
  "consentId": null,
  "patientId": "patient-123",
  "clientId": "test-client",
  "resourceType": "Patient",
  "method": "GET",
  "serverName": "hapi",
  "reason": "No valid consent found for this client and resource"
}
[2026-04-28T23:33:21.797Z] [34mdebug[0m [[36mconsent[0m] Cache cleared
{
  "entriesCleared": 1
}
(pass) Consent Enforcement E2E > upstream FHIR server errors > should DENY when upstream returns 500 (no consents found)
[2026-04-28T23:33:21.797Z] [34mdebug[0m [[36mconsent[0m] Cache cleared
{
  "entriesCleared": 0
}
[2026-04-28T23:33:21.797Z] [34mdebug[0m [[36mconsent[0m] Cache miss
{
  "key": "hapi:patient-123:test-client"
}
[2026-04-28T23:33:21.797Z] [34mdebug[0m [[36mconsent[0m] Fetching consents from FHIR server
{
  "searchUrl": "[server]/Consent?patient=Patient/patient-123&status=active&_count=100",
  "patientId": "patient-123",
  "clientId": "test-client"
}
[2026-04-28T23:33:21.797Z] warn [consent] Failed to fetch consents
{
  "status": 401,
  "statusText": ""
}
[2026-04-28T23:33:21.797Z] [34mdebug[0m [[36mconsent[0m] Cached consents
{
  "key": "hapi:patient-123:test-client",
  "consentCount": 0,
  "ttlMs": 60000
}
[2026-04-28T23:33:21.797Z] warn [consent] Consent decision
{
  "decision": "deny",
  "enforced": true,
  "mode": "enforce",
  "consentId": null,
  "patientId": "patient-123",
  "clientId": "test-client",
  "resourceType": "Patient",
  "method": "GET",
  "serverName": "hapi",
  "reason": "No valid consent found for this client and resource"
}
[2026-04-28T23:33:21.797Z] [34mdebug[0m [[36mconsent[0m] Cache cleared
{
  "entriesCleared": 1
}
(pass) Consent Enforcement E2E > upstream FHIR server errors > should DENY when upstream returns 401 (no consents found)
[2026-04-28T23:33:21.797Z] [34mdebug[0m [[36mconsent[0m] Cache cleared
{
  "entriesCleared": 0
}
[2026-04-28T23:33:21.798Z] [34mdebug[0m [[36mconsent[0m] Cache miss
{
  "key": "hapi:patient-123:test-client"
}
[2026-04-28T23:33:21.798Z] [34mdebug[0m [[36mconsent[0m] Fetching consents from FHIR server
{
  "searchUrl": "[server]/Consent?patient=Patient/patient-123&status=active&_count=100",
  "patientId": "patient-123",
  "clientId": "test-client"
}
[2026-04-28T23:33:21.798Z] error [consent] Error fetching consents
{
  "error": "ECONNREFUSED"
}
[2026-04-28T23:33:21.798Z] [34mdebug[0m [[36mconsent[0m] Cached consents
{
  "key": "hapi:patient-123:test-client",
  "consentCount": 0,
  "ttlMs": 60000
}
[2026-04-28T23:33:21.798Z] warn [consent] Consent decision
{
  "decision": "deny",
  "enforced": true,
  "mode": "enforce",
  "consentId": null,
  "patientId": "patient-123",
  "clientId": "test-client",
  "resourceType": "Patient",
  "method": "GET",
  "serverName": "hapi",
  "reason": "No valid consent found for this client and resource"
}
[2026-04-28T23:33:21.798Z] [34mdebug[0m [[36mconsent[0m] Cache cleared
{
  "entriesCleared": 1
}
(pass) Consent Enforcement E2E > upstream FHIR server errors > should DENY when fetch throws a network error
[2026-04-28T23:33:21.798Z] [34mdebug[0m [[36mconsent[0m] Cache cleared
{
  "entriesCleared": 0
}
[2026-04-28T23:33:21.798Z] [34mdebug[0m [[36mconsent[0m] Cache miss
{
  "key": "hapi:patient-123:test-client"
}
[2026-04-28T23:33:21.798Z] [34mdebug[0m [[36mconsent[0m] Fetching consents from FHIR server
{
  "searchUrl": "[server]/Consent?patient=Patient/patient-123&status=active&_count=100",
  "patientId": "patient-123",
  "clientId": "test-client"
}
[2026-04-28T23:33:21.798Z] [34mdebug[0m [[36mconsent[0m] Fetched consents
{
  "total": 1,
  "returned": 1
}
[2026-04-28T23:33:21.798Z] [34mdebug[0m [[36mconsent[0m] Cached consents
{
  "key": "hapi:patient-123:test-client",
  "consentCount": 1,
  "ttlMs": 60000
}
[2026-04-28T23:33:21.798Z] warn [consent] Consent decision
{
  "decision": "deny",
  "enforced": true,
  "mode": "enforce",
  "consentId": null,
  "patientId": "patient-123",
  "clientId": "test-client",
  "resourceType": "Patient",
  "method": "GET",
  "serverName": "hapi",
  "reason": "No valid consent found for this client and resource"
}
[2026-04-28T23:33:21.798Z] [34mdebug[0m [[36mconsent[0m] Cache cleared
{
  "entriesCleared": 1
}
(pass) Consent Enforcement E2E > actor matching > should DENY when consent exists but for a different client
[2026-04-28T23:33:21.798Z] [34mdebug[0m [[36mconsent[0m] Cache cleared
{
  "entriesCleared": 0
}
[2026-04-28T23:33:21.798Z] [34mdebug[0m [[36mconsent[0m] Cache miss
{
  "key": "hapi:patient-123:any-client"
}
[2026-04-28T23:33:21.798Z] [34mdebug[0m [[36mconsent[0m] Fetching consents from FHIR server
{
  "searchUrl": "[server]/Consent?patient=Patient/patient-123&status=active&_count=100",
  "patientId": "patient-123",
  "clientId": "any-client"
}
[2026-04-28T23:33:21.798Z] [34mdebug[0m [[36mconsent[0m] Fetched consents
{
  "total": 1,
  "returned": 1
}
[2026-04-28T23:33:21.798Z] [34mdebug[0m [[36mconsent[0m] Cached consents
{
  "key": "hapi:patient-123:any-client",
  "consentCount": 1,
  "ttlMs": 60000
}
[2026-04-28T23:33:21.798Z] [32minfo[0m [[36mconsent[0m] Consent decision
{
  "decision": "permit",
  "enforced": true,
  "mode": "enforce",
  "consentId": "Consent/consent-all",
  "patientId": "patient-123",
  "clientId": "any-client",
  "resourceType": "Patient",
  "method": "GET",
  "serverName": "hapi",
  "reason": "Access permitted by consent Consent/consent-all"
}
[2026-04-28T23:33:21.798Z] [34mdebug[0m [[36mconsent[0m] Cache cleared
{
  "entriesCleared": 1
}
(pass) Consent Enforcement E2E > actor matching > should PERMIT when consent has no actor restrictions (applies to all)
[2026-04-28T23:33:21.798Z] [34mdebug[0m [[36mconsent[0m] Cache cleared
{
  "entriesCleared": 0
}
[2026-04-28T23:33:21.799Z] [34mdebug[0m [[36mconsent[0m] Cache cleared
{
  "entriesCleared": 0
}
(pass) Consent Enforcement E2E > buildConsentContext > should extract patient ID from smart_patient claim
[2026-04-28T23:33:21.799Z] [34mdebug[0m [[36mconsent[0m] Cache cleared
{
  "entriesCleared": 0
}
[2026-04-28T23:33:21.799Z] [34mdebug[0m [[36mconsent[0m] Cache cleared
{
  "entriesCleared": 0
}
(pass) Consent Enforcement E2E > buildConsentContext > should extract patient ID from Patient resource path as fallback
[2026-04-28T23:33:21.799Z] [34mdebug[0m [[36mconsent[0m] Cache cleared
{
  "entriesCleared": 0
}
[2026-04-28T23:33:21.799Z] [34mdebug[0m [[36mconsent[0m] Cache cleared
{
  "entriesCleared": 0
}
(pass) Consent Enforcement E2E > buildConsentContext > should parse scopes from token
[2026-04-28T23:33:21.799Z] [34mdebug[0m [[36mconsent[0m] Cache cleared
{
  "entriesCleared": 0
}
[2026-04-28T23:33:21.799Z] [34mdebug[0m [[36mconsent[0m] Cache cleared
{
  "entriesCleared": 0
}
(pass) Consent Enforcement E2E > buildConsentContext > should normalise HTTP method to uppercase
[2026-04-28T23:33:21.799Z] [34mdebug[0m [[36mconsent[0m] Cache cleared
{
  "entriesCleared": 0
}
[2026-04-28T23:33:21.799Z] [34mdebug[0m [[36mconsent[0m] Cache cleared
{
  "entriesCleared": 0
}
(pass) Consent Enforcement E2E > buildConsentContext > should handle fhirUser claim
[2026-04-28T23:33:21.799Z] [34mdebug[0m [[36mconsent[0m] Cache cleared
{
  "entriesCleared": 0
}
[2026-04-28T23:33:21.799Z] [34mdebug[0m [[36mconsent[0m] Cache cleared
{
  "entriesCleared": 0
}
(pass) Consent Enforcement E2E > getConsentConfig > should reflect env var settings
[2026-04-28T23:33:21.799Z] [34mdebug[0m [[36mconsent[0m] Cache cleared
{
  "entriesCleared": 0
}
[2026-04-28T23:33:21.799Z] [34mdebug[0m [[36mconsent[0m] Cache cleared
{
  "entriesCleared": 0
}
(pass) Consent Enforcement E2E > getConsentConfig > should default to disabled when env vars are not set
[2026-04-28T23:33:21.799Z] [34mdebug[0m [[36mconsent[0m] Cache cleared
{
  "entriesCleared": 0
}
[2026-04-28T23:33:21.800Z] [34mdebug[0m [[36mconsent[0m] Cache miss
{
  "key": "hapi:patient-123:test-client"
}
[2026-04-28T23:33:21.800Z] [34mdebug[0m [[36mconsent[0m] Fetching consents from FHIR server
{
  "searchUrl": "[server]/Consent?patient=Patient/patient-123&status=active&_count=100",
  "patientId": "patient-123",
  "clientId": "test-client"
}
[2026-04-28T23:33:21.800Z] [34mdebug[0m [[36mconsent[0m] Fetched consents
{
  "total": 1,
  "returned": 1
}
[2026-04-28T23:33:21.800Z] [34mdebug[0m [[36mconsent[0m] Cached consents
{
  "key": "hapi:patient-123:test-client",
  "consentCount": 1,
  "ttlMs": 60000
}
[2026-04-28T23:33:21.800Z] [32minfo[0m [[36mconsent[0m] Consent decision
{
  "decision": "permit",
  "enforced": true,
  "mode": "enforce",
  "consentId": "Consent/consent-permit-1",
  "patientId": "patient-123",
  "clientId": "test-client",
  "resourceType": "Patient",
  "method": "GET",
  "serverName": "hapi",
  "reason": "Access permitted by consent Consent/consent-permit-1"
}
[2026-04-28T23:33:21.800Z] [34mdebug[0m [[36mconsent[0m] Invalidated patient cache entries
{
  "patientId": "patient-123",
  "count": 1
}
[2026-04-28T23:33:21.800Z] [34mdebug[0m [[36mconsent[0m] Cache miss
{
  "key": "hapi:patient-123:test-client"
}
[2026-04-28T23:33:21.800Z] [34mdebug[0m [[36mconsent[0m] Fetching consents from FHIR server
{
  "searchUrl": "[server]/Consent?patient=Patient/patient-123&status=active&_count=100",
  "patientId": "patient-123",
  "clientId": "test-client"
}
[2026-04-28T23:33:21.800Z] [34mdebug[0m [[36mconsent[0m] Fetched consents
{
  "total": 0,
  "returned": 0
}
[2026-04-28T23:33:21.800Z] [34mdebug[0m [[36mconsent[0m] Cached consents
{
  "key": "hapi:patient-123:test-client",
  "consentCount": 0,
  "ttlMs": 60000
}
[2026-04-28T23:33:21.800Z] warn [consent] Consent decision
{
  "decision": "deny",
  "enforced": true,
  "mode": "enforce",
  "consentId": null,
  "patientId": "patient-123",
  "clientId": "test-client",
  "resourceType": "Patient",
  "method": "GET",
  "serverName": "hapi",
  "reason": "No valid consent found for this client and resource"
}
[2026-04-28T23:33:21.800Z] [34mdebug[0m [[36mconsent[0m] Cache cleared
{
  "entriesCleared": 1
}
(pass) Consent Enforcement E2E > full consent lifecycle: grant ÔåÆ access ÔåÆ revoke ÔåÆ deny > should permit access with consent, then deny after consent is revoked
[2026-04-28T23:33:21.800Z] [34mdebug[0m [[36mconsent[0m] Cache cleared
{
  "entriesCleared": 0
}
[2026-04-28T23:33:21.800Z] [34mdebug[0m [[36mconsent[0m] Cache miss
{
  "key": "hapi:patient-123:test-client"
}
[2026-04-28T23:33:21.800Z] [34mdebug[0m [[36mconsent[0m] Fetching consents from FHIR server
{
  "searchUrl": "[server]/Consent?patient=Patient/patient-123&status=active&_count=100",
  "patientId": "patient-123",
  "clientId": "test-client"
}
[2026-04-28T23:33:21.800Z] [34mdebug[0m [[36mconsent[0m] Fetched consents
{
  "total": 0,
  "returned": 0
}
[2026-04-28T23:33:21.800Z] [34mdebug[0m [[36mconsent[0m] Cached consents
{
  "key": "hapi:patient-123:test-client",
  "consentCount": 0,
  "ttlMs": 60000
}
[2026-04-28T23:33:21.800Z] warn [consent] Consent decision
{
  "decision": "deny",
  "enforced": true,
  "mode": "enforce",
  "consentId": null,
  "patientId": "patient-123",
  "clientId": "test-client",
  "resourceType": "Patient",
  "method": "GET",
  "serverName": "hapi",
  "reason": "No valid consent found for this client and resource"
}
[2026-04-28T23:33:21.800Z] [34mdebug[0m [[36mconsent[0m] Invalidated patient cache entries
{
  "patientId": "patient-123",
  "count": 1
}
[2026-04-28T23:33:21.800Z] [34mdebug[0m [[36mconsent[0m] Cache miss
{
  "key": "hapi:patient-123:test-client"
}
[2026-04-28T23:33:21.800Z] [34mdebug[0m [[36mconsent[0m] Fetching consents from FHIR server
{
  "searchUrl": "[server]/Consent?patient=Patient/patient-123&status=active&_count=100",
  "patientId": "patient-123",
  "clientId": "test-client"
}
[2026-04-28T23:33:21.800Z] [34mdebug[0m [[36mconsent[0m] Fetched consents
{
  "total": 1,
  "returned": 1
}
[2026-04-28T23:33:21.800Z] [34mdebug[0m [[36mconsent[0m] Cached consents
{
  "key": "hapi:patient-123:test-client",
  "consentCount": 1,
  "ttlMs": 60000
}
[2026-04-28T23:33:21.800Z] [32minfo[0m [[36mconsent[0m] Consent decision
{
  "decision": "permit",
  "enforced": true,
  "mode": "enforce",
  "consentId": "Consent/consent-permit-1",
  "patientId": "patient-123",
  "clientId": "test-client",
  "resourceType": "Patient",
  "method": "GET",
  "serverName": "hapi",
  "reason": "Access permitted by consent Consent/consent-permit-1"
}
[2026-04-28T23:33:21.800Z] [34mdebug[0m [[36mconsent[0m] Cache cleared
{
  "entriesCleared": 1
}
[2026-04-28T23:33:21.800Z] [34mdebug[0m [[36mconsent[0m] Cache cleared
{
  "entriesCleared": 0
}
(pass) Consent Enforcement E2E > full consent lifecycle: grant ÔåÆ access ÔåÆ revoke ÔåÆ deny > should switch from deny to permit when consent is created
[2026-04-28T23:33:21.801Z] [34mdebug[0m [[36mconsent[0m] Cache miss
{
  "key": "hapi:patient-A:test-client"
}
[2026-04-28T23:33:21.801Z] [34mdebug[0m [[36mconsent[0m] Fetching consents from FHIR server
{
  "searchUrl": "[server]/Consent?patient=Patient/patient-A&status=active&_count=100",
  "patientId": "patient-A",
  "clientId": "test-client"
}
[2026-04-28T23:33:21.801Z] [34mdebug[0m [[36mconsent[0m] Fetched consents
{
  "total": 1,
  "returned": 1
}
[2026-04-28T23:33:21.801Z] [34mdebug[0m [[36mconsent[0m] Cached consents
{
  "key": "hapi:patient-A:test-client",
  "consentCount": 1,
  "ttlMs": 60000
}
[2026-04-28T23:33:21.801Z] [32minfo[0m [[36mconsent[0m] Consent decision
{
  "decision": "permit",
  "enforced": true,
  "mode": "enforce",
  "consentId": "Consent/consent-permit-1",
  "patientId": "patient-A",
  "clientId": "test-client",
  "resourceType": "Patient",
  "method": "GET",
  "serverName": "hapi",
  "reason": "Access permitted by consent Consent/consent-permit-1"
}
[2026-04-28T23:33:21.801Z] [34mdebug[0m [[36mconsent[0m] Cache miss
{
  "key": "hapi:patient-B:test-client"
}
[2026-04-28T23:33:21.801Z] [34mdebug[0m [[36mconsent[0m] Fetching consents from FHIR server
{
  "searchUrl": "[server]/Consent?patient=Patient/patient-B&status=active&_count=100",
  "patientId": "patient-B",
  "clientId": "test-client"
}
[2026-04-28T23:33:21.801Z] [34mdebug[0m [[36mconsent[0m] Fetched consents
{
  "total": 0,
  "returned": 0
}
[2026-04-28T23:33:21.801Z] [34mdebug[0m [[36mconsent[0m] Cached consents
{
  "key": "hapi:patient-B:test-client",
  "consentCount": 0,
  "ttlMs": 60000
}
[2026-04-28T23:33:21.801Z] warn [consent] Consent decision
{
  "decision": "deny",
  "enforced": true,
  "mode": "enforce",
  "consentId": null,
  "patientId": "patient-B",
  "clientId": "test-client",
  "resourceType": "Patient",
  "method": "GET",
  "serverName": "hapi",
  "reason": "No valid consent found for this client and resource"
}
[2026-04-28T23:33:21.801Z] [34mdebug[0m [[36mconsent[0m] Cache cleared
{
  "entriesCleared": 2
}
(pass) Consent Enforcement E2E > multi-patient / multi-server isolation > should isolate consent decisions per patient
[2026-04-28T23:33:21.801Z] [34mdebug[0m [[36mconsent[0m] Cache cleared
{
  "entriesCleared": 0
}
[2026-04-28T23:33:21.801Z] [34mdebug[0m [[36mconsent[0m] Cache miss
{
  "key": "hapi:patient-123:test-client"
}
[2026-04-28T23:33:21.801Z] [34mdebug[0m [[36mconsent[0m] Fetching consents from FHIR server
{
  "searchUrl": "[server]/Consent?patient=Patient/patient-123&status=active&_count=100",
  "patientId": "patient-123",
  "clientId": "test-client"
}
[2026-04-28T23:33:21.801Z] [34mdebug[0m [[36mconsent[0m] Fetched consents
{
  "total": 1,
  "returned": 1
}
[2026-04-28T23:33:21.801Z] [34mdebug[0m [[36mconsent[0m] Cached consents
{
  "key": "hapi:patient-123:test-client",
  "consentCount": 1,
  "ttlMs": 60000
}
[2026-04-28T23:33:21.801Z] [32minfo[0m [[36mconsent[0m] Consent decision
{
  "decision": "permit",
  "enforced": true,
  "mode": "enforce",
  "consentId": "Consent/consent-permit-1",
  "patientId": "patient-123",
  "clientId": "test-client",
  "resourceType": "Patient",
  "method": "GET",
  "serverName": "hapi",
  "reason": "Access permitted by consent Consent/consent-permit-1"
}
[2026-04-28T23:33:21.801Z] [34mdebug[0m [[36mconsent[0m] Cache cleared
{
  "entriesCleared": 1
}
(pass) Consent Enforcement E2E > result metadata > should include timing information [16.00ms]
[2026-04-28T23:33:21.801Z] [34mdebug[0m [[36mconsent[0m] Cache cleared
{
  "entriesCleared": 0
}
[2026-04-28T23:33:21.802Z] warn [consent] Consent decision
{
  "decision": "deny",
  "enforced": true,
  "mode": "enforce",
  "consentId": null,
  "patientId": "patient-123",
  "clientId": "my-app",
  "resourceType": "Observation",
  "method": "GET",
  "serverName": "prod-server",
  "reason": "No valid consent found for this client and resource"
}
(pass) Consent Enforcement E2E > result metadata > should include the full context in the result
[2026-04-28T23:33:21.802Z] [34mdebug[0m [[36mconsent[0m] Cache miss
{
  "key": "prod-server:patient-123:my-app"
}
[2026-04-28T23:33:21.802Z] [34mdebug[0m [[36mconsent[0m] Fetching consents from FHIR server
{
  "searchUrl": "[server]/Consent?patient=Patient/patient-123&status=active&_count=100",
  "patientId": "patient-123",
  "clientId": "my-app"
}
[2026-04-28T23:33:21.802Z] [34mdebug[0m [[36mconsent[0m] Fetched consents
{
  "total": 1,
  "returned": 1
}
[2026-04-28T23:33:21.802Z] [34mdebug[0m [[36mconsent[0m] Cached consents
{
  "key": "prod-server:patient-123:my-app",
  "consentCount": 1,
  "ttlMs": 60000
}
[2026-04-28T23:33:21.802Z] [34mdebug[0m [[36mconsent[0m] Cache cleared
{
  "entriesCleared": 1
}

test\consent.test.ts:
[2026-04-28T23:33:21.811Z] [34mdebug[0m [[36mconsent[0m] Cache miss
{
  "key": "server-1:patient-1:client-1"
}
[2026-04-28T23:33:21.811Z] [34mdebug[0m [[36mconsent[0m] Cache cleared
{
  "entriesCleared": 0
}
(pass) ConsentCache > get/set > should return null for cache miss
[2026-04-28T23:33:21.811Z] [34mdebug[0m [[36mconsent[0m] Cached consents
{
  "key": "server-1:patient-1:client-1",
  "consentCount": 1,
  "ttlMs": 1000
}
[2026-04-28T23:33:21.811Z] [34mdebug[0m [[36mconsent[0m] Cache hit
{
  "key": "server-1:patient-1:client-1",
  "consentCount": 1,
  "expiresIn": "1s"
}
[2026-04-28T23:33:21.811Z] [34mdebug[0m [[36mconsent[0m] Cache cleared
{
  "entriesCleared": 1
}
(pass) ConsentCache > get/set > should return cached consents on cache hit
[2026-04-28T23:33:21.811Z] [34mdebug[0m [[36mconsent[0m] Cached consents
{
  "key": "server-1:patient-1:client-1",
  "consentCount": 1,
  "ttlMs": 50
}
[2026-04-28T23:33:21.811Z] [34mdebug[0m [[36mconsent[0m] Cached consents
{
  "key": "s1:p1:c1",
  "consentCount": 0,
  "ttlMs": 1000
}
[2026-04-28T23:33:21.811Z] [34mdebug[0m [[36mconsent[0m] Cached consents
{
  "key": "s1:p2:c2",
  "consentCount": 0,
  "ttlMs": 1000
}
[2026-04-28T23:33:21.811Z] [34mdebug[0m [[36mconsent[0m] Cache entry invalidated
{
  "key": "s1:p1:c1"
}
[2026-04-28T23:33:21.811Z] [34mdebug[0m [[36mconsent[0m] Cache miss
{
  "key": "s1:p1:c1"
}
[2026-04-28T23:33:21.811Z] [34mdebug[0m [[36mconsent[0m] Cache hit
{
  "key": "s1:p2:c2",
  "consentCount": 0,
  "expiresIn": "1s"
}
[2026-04-28T23:33:21.811Z] [34mdebug[0m [[36mconsent[0m] Cache cleared
{
  "entriesCleared": 1
}
(pass) ConsentCache > invalidate > should invalidate specific cache entry
[2026-04-28T23:33:21.812Z] [34mdebug[0m [[36mconsent[0m] Cached consents
{
  "key": "s1:p1:c1",
  "consentCount": 0,
  "ttlMs": 1000
}
[2026-04-28T23:33:21.812Z] [34mdebug[0m [[36mconsent[0m] Cached consents
{
  "key": "s1:p1:c2",
  "consentCount": 0,
  "ttlMs": 1000
}
[2026-04-28T23:33:21.812Z] [34mdebug[0m [[36mconsent[0m] Cached consents
{
  "key": "s1:p2:c1",
  "consentCount": 0,
  "ttlMs": 1000
}
[2026-04-28T23:33:21.812Z] [34mdebug[0m [[36mconsent[0m] Invalidated patient cache entries
{
  "patientId": "p1",
  "count": 2
}
[2026-04-28T23:33:21.812Z] [34mdebug[0m [[36mconsent[0m] Cache miss
{
  "key": "s1:p1:c1"
}
[2026-04-28T23:33:21.812Z] [34mdebug[0m [[36mconsent[0m] Cache miss
{
  "key": "s1:p1:c2"
}
[2026-04-28T23:33:21.812Z] [34mdebug[0m [[36mconsent[0m] Cache hit
{
  "key": "s1:p2:c1",
  "consentCount": 0,
  "expiresIn": "1s"
}
[2026-04-28T23:33:21.812Z] [34mdebug[0m [[36mconsent[0m] Cache cleared
{
  "entriesCleared": 1
}
(pass) ConsentCache > invalidate > should invalidate all entries for a patient
[2026-04-28T23:33:21.812Z] [34mdebug[0m [[36mconsent[0m] Cached consents
{
  "key": "s1:p1:c1",
  "consentCount": 0,
  "ttlMs": 1000
}
[2026-04-28T23:33:21.812Z] [34mdebug[0m [[36mconsent[0m] Cached consents
{
  "key": "s1:p2:c2",
  "consentCount": 0,
  "ttlMs": 1000
}
[2026-04-28T23:33:21.812Z] [34mdebug[0m [[36mconsent[0m] Cached consents
{
  "key": "s2:p1:c1",
  "consentCount": 0,
  "ttlMs": 1000
}
[2026-04-28T23:33:21.812Z] [34mdebug[0m [[36mconsent[0m] Invalidated server cache entries
{
  "serverName": "s1",
  "count": 2
}
[2026-04-28T23:33:21.812Z] [34mdebug[0m [[36mconsent[0m] Cache miss
{
  "key": "s1:p1:c1"
}
[2026-04-28T23:33:21.812Z] [34mdebug[0m [[36mconsent[0m] Cache miss
{
  "key": "s1:p2:c2"
}
[2026-04-28T23:33:21.812Z] [34mdebug[0m [[36mconsent[0m] Cache hit
{
  "key": "s2:p1:c1",
  "consentCount": 0,
  "expiresIn": "1s"
}
[2026-04-28T23:33:21.812Z] [34mdebug[0m [[36mconsent[0m] Cache cleared
{
  "entriesCleared": 1
}
(pass) ConsentCache > invalidate > should invalidate all entries for a server
[2026-04-28T23:33:21.812Z] [34mdebug[0m [[36mconsent[0m] Cached consents
{
  "key": "s1:p1:c1",
  "consentCount": 1,
  "ttlMs": 1000
}
[2026-04-28T23:33:21.812Z] [34mdebug[0m [[36mconsent[0m] Cached consents
{
  "key": "s1:p2:c2",
  "consentCount": 0,
  "ttlMs": 1000
}
[2026-04-28T23:33:21.812Z] [34mdebug[0m [[36mconsent[0m] Cache cleared
{
  "entriesCleared": 2
}
(pass) ConsentCache > getStats > should return cache statistics
[2026-04-28T23:33:21.812Z] [34mdebug[0m [[36mconsent[0m] Cached consents
{
  "key": "s1:p1:c1",
  "consentCount": 0,
  "ttlMs": 10
}
[2026-04-28T23:33:21.812Z] [34mdebug[0m [[36mconsent[0m] Cached consents
{
  "key": "s1:p2:c2",
  "consentCount": 0,
  "ttlMs": 60000
}
(pass) buildConsentContext > should extract patient ID from token smart_patient claim
(pass) buildConsentContext > should extract patient ID from Patient resource path
(pass) buildConsentContext > should return null patientId if not determinable
(pass) buildConsentContext > should parse scopes correctly
(pass) buildConsentContext > should handle fhirUser claim
(pass) buildConsentContext > should use sub as fallback for clientId
(pass) Consent Evaluation > Resource type extraction > should extract resource type from simple paths
(pass) Consent Evaluation > Resource type extraction > should return null for non-resource paths
[2026-04-28T23:33:21.868Z] [34mdebug[0m [[36mconsent[0m] Cache cleanup completed
{
  "entriesCleaned": 1
}
[2026-04-28T23:33:21.869Z] [34mdebug[0m [[36mconsent[0m] Cache miss
{
  "key": "s1:p1:c1"
}
[2026-04-28T23:33:21.869Z] [34mdebug[0m [[36mconsent[0m] Cache hit
{
  "key": "s1:p2:c2",
  "consentCount": 0,
  "expiresIn": "60s"
}
(pass) ConsentCache > cleanup > should remove expired entries [62.00ms]
[2026-04-28T23:33:21.869Z] [34mdebug[0m [[36mconsent[0m] Cache cleared
{
  "entriesCleared": 1
}
[2026-04-28T23:33:21.916Z] [34mdebug[0m [[36mconsent[0m] Cache miss
{
  "key": "server-1:patient-1:client-1"
}
[2026-04-28T23:33:21.916Z] [34mdebug[0m [[36mconsent[0m] Cache cleared
{
  "entriesCleared": 0
}
(pass) ConsentCache > get/set > should return null for expired entries [109.00ms]

test\dicomweb-metadata-preload.test.ts:
(pass) fetchSeriesMetadataEntries > fetches WADO-RS series metadata and returns imageIdÔåÆmetadata entries
(pass) fetchSeriesMetadataEntries > passes auth headers to the metadata fetch
(pass) fetchSeriesMetadataEntries > returns empty array when metadata fetch fails
(pass) fetchSeriesMetadataEntries > returns empty array when metadata fetch throws (network error)
(pass) fetchSeriesMetadataEntries > skips instances without a SOP Instance UID
(pass) fetchSeriesMetadataEntries > handles multi-frame instances by using frame 1
(pass) fetchSeriesMetadataEntries > strips trailing slashes from base URL

test\dicomweb.test.ts:
(pass) DICOMweb proxy routes > returns 401 when no Authorization header is provided
(pass) DICOMweb proxy routes > returns 501 when DICOMWEB_BASE_URL is not configured
[2026-04-28T23:33:21.937Z] [34mdebug[0m [[36mfhir[0m] DICOMweb proxy ÔåÆ
{
  "target": "http://orthanc:8042/dicom-web/studies?PatientName=Smith",
  "method": "GET"
}
(pass) DICOMweb proxy routes > GET /dicomweb/studies proxies to upstream PACS
(pass) DICOMweb proxy routes > GET /dicomweb/studies/:studyUID/series proxies correctly
[2026-04-28T23:33:21.938Z] [34mdebug[0m [[36mfhir[0m] DICOMweb proxy ÔåÆ
{
  "target": "http://orthanc:8042/dicom-web/studies/1.2.3.4/series",
  "method": "GET"
}
[2026-04-28T23:33:21.939Z] [34mdebug[0m [[36mfhir[0m] DICOMweb proxy ÔåÆ
{
  "target": "http://orthanc:8042/dicom-web/studies/1.2.3.4/series/1.2.3.4.5/instances",
  "method": "GET"
}
(pass) DICOMweb proxy routes > GET /dicomweb/studies/:studyUID/series/:seriesUID/instances proxies correctly
[2026-04-28T23:33:21.940Z] [34mdebug[0m [[36mfhir[0m] DICOMweb proxy ÔåÆ
{
  "target": "http://orthanc:8042/dicom-web/studies/1.2.3.4/metadata",
  "method": "GET"
}
(pass) DICOMweb proxy routes > GET /dicomweb/studies/:studyUID/metadata returns metadata JSON
[2026-04-28T23:33:21.941Z] [34mdebug[0m [[36mfhir[0m] DICOMweb proxy ÔåÆ
{
  "target": "http://orthanc:8042/dicom-web/studies/1.2.3.4/series/1.2.3.4.5/metadata",
  "method": "GET"
}
(pass) DICOMweb proxy routes > GET /dicomweb/studies/:studyUID/series/:seriesUID/metadata returns metadata JSON
[2026-04-28T23:33:21.942Z] [34mdebug[0m [[36mfhir[0m] DICOMweb proxy ÔåÆ
{
  "target": "http://orthanc:8042/dicom-web/studies/1.2.3.4/rendered",
  "method": "GET"
}
(pass) DICOMweb proxy routes > GET /dicomweb/studies/:studyUID/rendered returns binary image [15.00ms]
[2026-04-28T23:33:21.944Z] [34mdebug[0m [[36mfhir[0m] DICOMweb proxy ÔåÆ
{
  "target": "http://orthanc:8042/dicom-web/studies/1.2.3.4/thumbnail",
  "method": "GET"
}
(pass) DICOMweb proxy routes > GET /dicomweb/studies/:studyUID/thumbnail returns thumbnail image
[2026-04-28T23:33:21.945Z] [34mdebug[0m [[36mfhir[0m] DICOMweb proxy ÔåÆ
{
  "target": "http://orthanc:8042/dicom-web/studies/1.2.3.4/series/1.2.3.4.5/instances/1.2.3.4.5.6",
  "method": "GET"
}
(pass) DICOMweb proxy routes > GET /dicomweb/studies/:studyUID/series/:seriesUID/instances/:sopUID proxies correctly
[2026-04-28T23:33:21.947Z] [34mdebug[0m [[36mfhir[0m] DICOMweb proxy ÔåÆ
{
  "target": "http://orthanc:8042/dicom-web/studies/1.2.3.4/series/1.2.3.4.5/instances/1.2.3.4.5.6/frames/1",
  "method": "GET"
}
(pass) DICOMweb proxy routes > GET /dicomweb/studies/.../frames/:frame proxies correctly
(pass) DICOMweb proxy routes > rejects invalid DICOM UIDs in path params
[2026-04-28T23:33:21.951Z] [34mdebug[0m [[36mfhir[0m] DICOMweb proxy ÔåÆ
{
  "target": "http://orthanc:8042/dicom-web/studies",
  "method": "GET"
}
(pass) DICOMweb proxy routes > attaches upstream auth when DICOMWEB_UPSTREAM_AUTH is set
[2026-04-28T23:33:21.951Z] [34mdebug[0m [[36mfhir[0m] DICOMweb proxy ÔåÆ
{
  "target": "http://orthanc:8042/dicom-web/studies",
  "method": "GET"
}
[2026-04-28T23:33:21.952Z] error [fhir] DICOMweb proxy error
{
  "target": "http://orthanc:8042/dicom-web/studies",
  "error": "ECONNREFUSED",
  "isConnectionRefused": true
}
(pass) DICOMweb proxy routes > returns 502 when upstream PACS is unreachable
[2026-04-28T23:33:21.953Z] [34mdebug[0m [[36mfhir[0m] DICOMweb proxy ÔåÆ
{
  "target": "http://orthanc:8042/dicom-web/studies/1.2.3.4/series/1.2.3.4.5/rendered",
  "method": "GET"
}
(pass) DICOMweb proxy routes > GET /dicomweb/studies/:studyUID/series/:seriesUID/rendered proxies correctly
[2026-04-28T23:33:21.953Z] [34mdebug[0m [[36mfhir[0m] DICOMweb proxy ÔåÆ
{
  "target": "http://orthanc:8042/dicom-web/studies/1.2.3.4/series/1.2.3.4.5/thumbnail",
  "method": "GET"
}
(pass) DICOMweb proxy routes > GET /dicomweb/studies/:studyUID/series/:seriesUID/thumbnail proxies correctly
[2026-04-28T23:33:21.954Z] [34mdebug[0m [[36mfhir[0m] DICOMweb proxy ÔåÆ
{
  "target": "http://orthanc:8042/dicom-web/studies/1.2.3.4/series/1.2.3.4.5/instances/1.2.3.4.5.6/metadata",
  "method": "GET"
}
(pass) DICOMweb proxy routes > GET /dicomweb/.../instances/:sopUID/metadata proxies correctly
[2026-04-28T23:33:21.955Z] [34mdebug[0m [[36mfhir[0m] DICOMweb proxy ÔåÆ
{
  "target": "http://orthanc:8042/dicom-web/studies/1.2.3.4/series/1.2.3.4.5/instances/1.2.3.4.5.6/rendered",
  "method": "GET"
}
(pass) DICOMweb proxy routes > GET /dicomweb/.../instances/:sopUID/rendered proxies correctly
[2026-04-28T23:33:21.955Z] [34mdebug[0m [[36mfhir[0m] DICOMweb proxy ÔåÆ
{
  "target": "http://orthanc:8042/dicom-web/studies/1.2.3.4/series/1.2.3.4.5/instances/1.2.3.4.5.6/thumbnail",
  "method": "GET"
}
(pass) DICOMweb proxy routes > GET /dicomweb/.../instances/:sopUID/thumbnail proxies correctly

test\email-events-logger.test.ts:
(pass) Email Events Logger ÔÇö Unit Tests > EmailEvent shape > should create a valid email event
(pass) Email Events Logger ÔÇö Unit Tests > EmailEvent shape > should support error events
(pass) Email Events Logger ÔÇö Unit Tests > EmailEvent shape > should support all email event types
(pass) Email Events Logger ÔÇö Unit Tests > Analytics calculation > should calculate success rate correctly
(pass) Email Events Logger ÔÇö Unit Tests > Analytics calculation > should group events by type
(pass) Email Events Logger ÔÇö Unit Tests > Analytics calculation > should calculate hourly stats
(pass) Email Events Logger ÔÇö Unit Tests > Analytics calculation > should return 100% success rate when no events
(pass) Email Events Logger ÔÇö Unit Tests > Event filtering > should filter by type
(pass) Email Events Logger ÔÇö Unit Tests > Event filtering > should filter by success
(pass) Email Events Logger ÔÇö Unit Tests > Event filtering > should filter by since date
(pass) Email Events Logger ÔÇö Unit Tests > Event filtering > should limit results
(pass) Email Events Logger ÔÇö Unit Tests > Keycloak event mapping > should map success event correctly
(pass) Email Events Logger ÔÇö Unit Tests > Keycloak event mapping > should map error event correctly
(pass) Email Events Logger ÔÇö Unit Tests > Keycloak event mapping > should handle missing fields gracefully
(pass) Email Events Logger ÔÇö Unit Tests > Deduplication > should skip events with duplicate IDs
(pass) Email Events Logger ÔÇö Unit Tests > Ring buffer > should cap events at buffer size

test\error-handling.test.ts:
(pass) Error handling and validation > returns 500 for synchronous thrown errors
(pass) Error handling and validation > returns 500 for async thrown errors
(pass) Error handling and validation > validates request body and returns 400 when missing required field
(pass) Error handling and validation > accepts valid payload and returns 200

test\errors.test.ts:
(pass) Error handling tests > returns 500-like status when handler throws synchronously [16.00ms]
(pass) Error handling tests > returns 500-like status when handler throws asynchronously
(pass) Error handling tests > propagates explicit Response objects from handlers

test\fhir-capabilities.test.ts:
[2026-04-28T23:33:22.060Z] warn [security] No DATABASE_URL configured, using in-memory mTLS storage (data will be lost on restart)
(pass) parseFhirPath > parses type-level GET as search
(pass) parseFhirPath > parses type-level POST as create
(pass) parseFhirPath > parses instance read
(pass) parseFhirPath > parses _search endpoint
(pass) parseFhirPath > parses compartment search
(pass) parseFhirPath > parses compartment _search
(pass) parseFhirPath > parses type-level operation
(pass) parseFhirPath > parses instance-level operation
(pass) parseFhirPath > parses history
(pass) parseFhirPath > parses versioned history
(pass) parseFhirPath > parses empty path as system-level
(pass) parseFhirPath > handles non-resource first segment gracefully
(pass) normalizeSearchParams > passes everything through when capabilities are null (fail-open)
(pass) normalizeSearchParams > strips unsupported params
(pass) normalizeSearchParams > preserves universal params always
(pass) normalizeSearchParams > handles modifiers (param:modifier)
(pass) normalizeSearchParams > handles chained params (param.subparam)
(pass) normalizeSearchParams > passes through for unknown resource types
(pass) normalizeSearchParams > preserves system-level search params
(pass) normalizeSearchParams > allows supported _include values
(pass) normalizeSearchParams > strips unsupported _include values
(pass) normalizeSearchParams > allows _include with target type suffix when base is declared
(pass) normalizeSearchParams > allows supported _revinclude values
(pass) normalizeSearchParams > strips unsupported _revinclude values
(pass) normalizeSearchParams > allows all _include when searchInclude is empty (not declared)
(pass) normalizeSearchParams > handles _include:iterate modifier
(pass) isInteractionSupported > returns true when capabilities are null (fail-open)
(pass) isInteractionSupported > returns true for unknown resource types
(pass) isInteractionSupported > allows supported interactions
(pass) isInteractionSupported > blocks unsupported interactions
(pass) isHistorySupported > returns true when capabilities are null
(pass) isHistorySupported > allows history-instance when declared
(pass) isHistorySupported > blocks history-type when not declared
(pass) isHistorySupported > blocks history on Flag (no history interactions)
(pass) isOperationSupported > returns true when capabilities are null
(pass) isOperationSupported > allows declared resource-level operations
(pass) isOperationSupported > blocks undeclared resource-level operations
(pass) isOperationSupported > allows declared system-level operations
(pass) isOperationSupported > blocks undeclared system-level operations
(pass) isFormatSupported > returns true when capabilities are null
(pass) isFormatSupported > allows declared formats
(pass) isFormatSupported > allows json/xml aliases
(pass) isFormatSupported > returns true when format is empty (not declared)
(pass) isPatchFormatSupported > returns true when capabilities are null
(pass) isPatchFormatSupported > allows declared patch formats
(pass) isPatchFormatSupported > blocks undeclared patch formats
(pass) isPatchFormatSupported > returns true when patchFormat is empty
(pass) parseCapabilityStatement > parses a realistic HAPI FHIR CapabilityStatement
(pass) parseCapabilityStatement > handles empty rest array gracefully
(pass) parseCapabilityStatement > handles missing rest property
(pass) parseCapabilityStatement > prefers server mode rest entry over client mode
(pass) parseCapabilityStatement > falls back to first rest entry when no server mode exists
(pass) parseCapabilityStatement > parses resources with no interactions or searchParams
(pass) parseCapabilityStatement > parses security with no coding entries
(pass) parseCapabilityStatement > parses security with no security block at all
(pass) parseCapabilityStatement > deduplicates resource types (last wins)
(pass) parseCapabilityStatement > sets fetchedAt to a recent timestamp
(pass) serializeCapabilities > round-trips all scalar fields
(pass) serializeCapabilities > converts Sets to arrays
(pass) serializeCapabilities > converts Maps to plain objects
(pass) serializeCapabilities > serializes resource capabilities with all fields
(pass) serializeCapabilities > produces a valid ISO timestamp for fetchedAt
(pass) serializeCapabilities > includes cacheAgeMs as a non-negative number
(pass) serializeCapabilities > round-trips through parse ÔåÆ serialize for a realistic CapabilityStatement
(pass) clearCapabilitiesCache > does not throw when clearing empty cache
(pass) clearCapabilitiesCache > does not throw when clearing specific key from empty cache
(pass) getCapabilitiesCacheStats > returns size and entries array

test\fhir-mcp-tools.test.ts:
(pass) FHIR MCP Tools > registerFhirTools > registers all 6 FHIR tools
(pass) FHIR MCP Tools > registerFhirTools > marks read-only tools with readOnlyHint annotation
(pass) FHIR MCP Tools > fhir_read > reads a Patient by ID
(pass) FHIR MCP Tools > fhir_read > returns error when no auth token
(pass) FHIR MCP Tools > fhir_search > searches for Observations with query params
(pass) FHIR MCP Tools > fhir_search > searches without query params
(pass) FHIR MCP Tools > fhir_create > creates a new Observation
(pass) FHIR MCP Tools > fhir_update > updates an existing Patient
(pass) FHIR MCP Tools > fhir_delete > deletes a resource [15.00ms]
(pass) FHIR MCP Tools > fhir_capabilities > returns CapabilityStatement
(pass) FHIR MCP Tools > server resolution > uses explicit server name when provided
(pass) FHIR MCP Tools > server resolution > returns error for unknown server
(pass) FHIR MCP Tools > error handling > reports upstream 404 as error

test\index.test.ts:
(pass) Elysia Basic Tests > returns a response from root endpoint
(pass) Elysia Basic Tests > returns health status
(pass) Elysia Basic Tests > handles POST requests
(pass) Eden Treaty Tests > returns a response using Eden Treaty [16.00ms]
(pass) Eden Treaty Tests > handles health check with Eden Treaty
(pass) Eden Treaty Tests > handles POST with Eden Treaty

test\integration-basic.test.ts:
(pass) Integration basics with Eden Treaty > GET / returns text content
(pass) Integration basics with Eden Treaty > GET /health returns expected shape
(pass) Integration basics with Eden Treaty > eden treaty client can call hello and echo

test\integration.test.ts:
(pass) Integration Tests > Core Endpoints > should respond to root endpoint
(pass) Integration Tests > Core Endpoints > should provide health check
(pass) Integration Tests > Core Endpoints > should provide detailed status
(pass) Integration Tests > API Endpoints > should handle user listing
(pass) Integration Tests > API Endpoints > should handle user creation
(pass) Integration Tests > Error Handling > should handle 404 for non-existent endpoints
(pass) Integration Tests > Error Handling > should handle malformed requests gracefully
(pass) Performance Tests > should respond to health check quickly
(pass) Performance Tests > should handle multiple concurrent requests

test\kisi-client.test.ts:
(pass) KisiClient > constructor > requires an API key
(pass) KisiClient > constructor > uses default base URL
[2026-04-28T23:33:22.165Z] [34mdebug[0m [[36mkisi[0m] GET /places
{
  "params": {
    "limit": 1
  }
}
(pass) KisiClient > HTTP requests > sends correct auth header
[2026-04-28T23:33:22.166Z] [34mdebug[0m [[36mkisi[0m] GET /places
{}
(pass) KisiClient > HTTP requests > throws KisiApiError on 4xx
[2026-04-28T23:33:22.166Z] [34mdebug[0m [[36mkisi[0m] GET /places
{}
(pass) KisiClient > HTTP requests > throws KisiApiError on 5xx
[2026-04-28T23:33:22.167Z] [34mdebug[0m [[36mkisi[0m] DELETE /groups/1
{}
(pass) KisiClient > HTTP requests > handles 204 No Content
[2026-04-28T23:33:22.167Z] [34mdebug[0m [[36mkisi[0m] GET /places
{
  "params": {
    "limit": 2
  }
}
(pass) KisiClient > pagination > parses x-collection-range header
[2026-04-28T23:33:22.167Z] [34mdebug[0m [[36mkisi[0m] GET /places
{}
(pass) KisiClient > pagination > handles empty range (*)
[2026-04-28T23:33:22.167Z] [34mdebug[0m [[36mkisi[0m] GET /places
{}
(pass) KisiClient > key transformation > camelizes snake_case response keys
[2026-04-28T23:33:22.167Z] [34mdebug[0m [[36mkisi[0m] POST /groups
{}
(pass) KisiClient > key transformation > decamelizes request body keys
[2026-04-28T23:33:22.168Z] [34mdebug[0m [[36mkisi[0m] POST /locks/42/unlock
{}
(pass) KisiClient > domain operations > unlock sends POST to correct path
[2026-04-28T23:33:22.168Z] [34mdebug[0m [[36mkisi[0m] GET /places
{
  "params": {
    "limit": 1
  }
}
(pass) KisiClient > domain operations > ping returns true on success
[2026-04-28T23:33:22.168Z] [34mdebug[0m [[36mkisi[0m] GET /places
{
  "params": {
    "limit": 1
  }
}
(pass) KisiClient > domain operations > ping returns false on error

test\kisi-provider.test.ts:
(pass) KisiAccessProvider > provider metadata > reports correct name
(pass) KisiAccessProvider > provider metadata > reports all capabilities as enabled
(pass) KisiAccessProvider > ID mapping (number ÔåÆ string) > converts place IDs to strings
(pass) KisiAccessProvider > ID mapping (number ÔåÆ string) > converts lock IDs to strings
(pass) KisiAccessProvider > ID mapping (number ÔåÆ string) > converts group IDs to strings
(pass) KisiAccessProvider > ID mapping (number ÔåÆ string) > converts member IDs to strings
(pass) KisiAccessProvider > ID mapping (number ÔåÆ string) > converts event IDs + doorId to strings
(pass) KisiAccessProvider > entity mapping > maps Kisi place ÔåÆ AccessLocation
(pass) KisiAccessProvider > entity mapping > maps Kisi lock ÔåÆ AccessDoor
(pass) KisiAccessProvider > entity mapping > maps Kisi groupLock ÔåÆ AccessGroupDoor
[2026-04-28T23:33:22.174Z] [32minfo[0m [[36mkisi[0m] Unlock requested for lock 42
(pass) KisiAccessProvider > passthrough operations > delegates unlock with number conversion
(pass) KisiAccessProvider > passthrough operations > delegates createGroup
(pass) KisiAccessProvider > passthrough operations > delegates createMember
(pass) KisiAccessProvider > passthrough operations > delegates isHealthy to ping
(pass) KisiAccessProvider > getOverview > assembles overview from all entity types
[2026-04-28T23:33:22.175Z] [32minfo[0m [[36mkisi[0m] Synced user new@example.com ÔåÆ Kisi member 99
[2026-04-28T23:33:22.175Z] [32minfo[0m [[36mkisi[0m] User sync complete
{
  "created": 1,
  "skipped": 1,
  "failed": 0
}
(pass) KisiAccessProvider > syncUsersFromKeycloak > creates new users and skips existing
[2026-04-28T23:33:22.175Z] warn [kisi] Failed to sync user fail@example.com
{
  "error": "Error: API Error"
}
(pass) KisiAccessProvider > syncUsersFromKeycloak > handles failures gracefully
[2026-04-28T23:33:22.175Z] [32minfo[0m [[36mkisi[0m] User sync complete
{
  "created": 0,
  "skipped": 0,
  "failed": 1
}

test\kisi-service.test.ts:
(pass) KisiService > getOverview > fetches all entity types in parallel
[2026-04-28T23:33:22.181Z] [32minfo[0m [[36mkisi[0m] Synced user new.doctor@hospital.com ÔåÆ Kisi member 99
[2026-04-28T23:33:22.182Z] [32minfo[0m [[36mkisi[0m] Synced user new.nurse@hospital.com ÔåÆ Kisi member 99
[2026-04-28T23:33:22.182Z] [32minfo[0m [[36mkisi[0m] User sync complete
{
  "created": 2,
  "skipped": 1,
  "failed": 0
}
(pass) KisiService > syncUsersFromKeycloak > creates new users and skips existing ones
[2026-04-28T23:33:22.182Z] warn [kisi] Failed to sync user failing@hospital.com
{
  "error": "Error: API Error"
}
[2026-04-28T23:33:22.182Z] [32minfo[0m [[36mkisi[0m] User sync complete
{
  "created": 0,
  "skipped": 0,
  "failed": 1
}
(pass) KisiService > syncUsersFromKeycloak > handles creation failures gracefully
[2026-04-28T23:33:22.182Z] [32minfo[0m [[36mkisi[0m] User sync complete
{
  "created": 0,
  "skipped": 1,
  "failed": 0
}
(pass) KisiService > syncUsersFromKeycloak > deduplicates by email case-insensitively
[2026-04-28T23:33:22.182Z] [34mdebug[0m [[36mkisi[0m] Would assign member 99 to groups
{
  "groups": [
    1
  ]
}
[2026-04-28T23:33:22.182Z] [32minfo[0m [[36mkisi[0m] Synced user new@hospital.com ÔåÆ Kisi member 99
[2026-04-28T23:33:22.182Z] [32minfo[0m [[36mkisi[0m] User sync complete
{
  "created": 1,
  "skipped": 0,
  "failed": 0
}
(pass) KisiService > syncUsersFromKeycloak > accepts role mapping rules
(pass) KisiService > passthrough operations > delegates getPlaces
[2026-04-28T23:33:22.182Z] [32minfo[0m [[36mkisi[0m] Unlock requested for lock 42
(pass) KisiService > passthrough operations > delegates unlock
(pass) KisiService > passthrough operations > delegates createGroup
(pass) KisiService > passthrough operations > delegates createMember
(pass) KisiService > passthrough operations > delegates isHealthy

test\malformed-json.test.ts:
(pass) Malformed JSON handling > returns client error for malformed JSON payloads
(pass) Malformed JSON handling > parses valid JSON correctly

test\mcp-endpoint-config.test.ts:
(pass) MCP Endpoint Config ÔÇö isToolExposed > exposes all tools in default blocklist mode (empty blocklist) [15.00ms]
(pass) MCP Endpoint Config ÔÇö isToolExposed > blocks tools in the disabledTools blocklist
(pass) MCP Endpoint Config ÔÇö isToolExposed > allowlist mode: only enabled tools are exposed
(pass) MCP Endpoint Config ÔÇö isToolExposed > allowlist takes priority over blocklist
(pass) MCP Endpoint Config ÔÇö isToolExposed > empty allowlist blocks ALL tools
(pass) MCP Endpoint Config ÔÇö isToolExposed > isResourceExposed follows same logic as isToolExposed
(pass) MCP Endpoint Config ÔÇö saveMcpEndpointConfig > persists config to mcp-endpoint.json
(pass) MCP Endpoint Config ÔÇö saveMcpEndpointConfig > updates the updatedAt timestamp
(pass) MCP Endpoint Config ÔÇö saveMcpEndpointConfig > saved config is immediately visible via loadMcpEndpointConfig

test\mcp-endpoint.test.ts:
(pass) MCP Endpoint ÔÇö /mcp > Authentication > POST: returns 401 when no Authorization header is provided [16.00ms]
(pass) MCP Endpoint ÔÇö /mcp > Authentication > POST: 401 body is valid JSON-RPC error with code -32001
(pass) MCP Endpoint ÔÇö /mcp > Authentication > 401 includes WWW-Authenticate with resource_metadata pointing to RFC 9728 URL
(pass) MCP Endpoint ÔÇö /mcp > Authentication > returns 401 when token validation throws [16.00ms]
(pass) MCP Endpoint ÔÇö /mcp > Authentication > returns 401 for "Bearer " with empty token string
(pass) MCP Endpoint ÔÇö /mcp > Authentication > returns 401 for Basic auth scheme (wrong scheme)
(pass) MCP Endpoint ÔÇö /mcp > Authentication > GET: returns 401 without auth
(pass) MCP Endpoint ÔÇö /mcp > Authentication > DELETE: returns 401 without auth
(pass) MCP Endpoint ÔÇö /mcp > Disabled endpoint > returns 404 when both file-config and env-config disable MCP [15.00ms]
(pass) MCP Endpoint ÔÇö /mcp > Disabled endpoint > returns 404 response body is JSON with error message
[2026-04-28T23:33:22.336Z] [32minfo[0m [[36mserver[0m] MCP session initialized
{
  "sessionId": "200bebfe-8df1-475b-8edb-a784199391af",
  "sub": "test-user"
}
(pass) MCP Endpoint ÔÇö /mcp > Disabled endpoint > stays enabled when file-config is disabled but env-config is enabled [16.00ms]
[2026-04-28T23:33:22.346Z] [32minfo[0m [[36mserver[0m] MCP session initialized
{
  "sessionId": "1f605554-b8be-40cb-b637-357a158e19ae",
  "sub": "test-user"
}
(pass) MCP Endpoint ÔÇö /mcp > Disabled endpoint > stays enabled when env-config is disabled but file-config is enabled
[2026-04-28T23:33:22.354Z] [32minfo[0m [[36mserver[0m] MCP session initialized
{
  "sessionId": "c9b17455-8d62-4b7b-b7a5-09e4d6f77527",
  "sub": "test-user"
}
(pass) MCP Endpoint ÔÇö /mcp > Session lifecycle > creates a session on valid initialize ÔÇö returns 200 + Mcp-Session-Id header [16.00ms]
[2026-04-28T23:33:22.362Z] [32minfo[0m [[36mserver[0m] MCP session initialized
{
  "sessionId": "3b2e9056-38af-4421-86f5-9f32af4cd16e",
  "sub": "test-user"
}
(pass) MCP Endpoint ÔÇö /mcp > Session lifecycle > initialize returns JSON-RPC result with serverInfo and protocolVersion
[2026-04-28T23:33:22.368Z] [32minfo[0m [[36mserver[0m] MCP session initialized
{
  "sessionId": "e89c127e-ea05-4699-956c-2ff0dd3d9299",
  "sub": "test-user"
}
(pass) MCP Endpoint ÔÇö /mcp > Session lifecycle > initialize response declares tools and resources capabilities [15.00ms]
(pass) MCP Endpoint ÔÇö /mcp > Session lifecycle > returns 400 for non-initialize POST without Mcp-Session-Id
(pass) MCP Endpoint ÔÇö /mcp > Session lifecycle > returns 404 for unknown session ID (spec: server MUST respond with 404)
[2026-04-28T23:33:22.383Z] [32minfo[0m [[36mserver[0m] MCP session initialized
{
  "sessionId": "10fc1f16-eaea-41b2-82ea-2a2a0e5e36b2",
  "sub": "test-user"
}
(pass) MCP Endpoint ÔÇö /mcp > Session lifecycle > accepts ping on an established session [16.00ms]
[2026-04-28T23:33:22.394Z] [32minfo[0m [[36mserver[0m] MCP session initialized
{
  "sessionId": "984e7757-2f4b-45fe-b383-90d1ab3ede94",
  "sub": "test-user"
}
(pass) MCP Endpoint ÔÇö /mcp > Session lifecycle > tools/list works after full handshake and returns registered tools [15.00ms]
[2026-04-28T23:33:22.406Z] [32minfo[0m [[36mserver[0m] MCP session initialized
{
  "sessionId": "e8d64c8a-ba8d-4a3b-a51a-561b2ed71613",
  "sub": "test-user"
}
(pass) MCP Endpoint ÔÇö /mcp > Session lifecycle > search_documentation tool is callable via tools/call and returns content
[2026-04-28T23:33:22.417Z] [32minfo[0m [[36mserver[0m] MCP session initialized
{
  "sessionId": "79551b48-a91c-401e-8e71-58b54240c41e",
  "sub": "test-user"
}
(pass) MCP Endpoint ÔÇö /mcp > Session lifecycle > tools/call with unknown tool name returns isError: true [16.00ms]
[2026-04-28T23:33:22.424Z] [32minfo[0m [[36mserver[0m] MCP session initialized
{
  "sessionId": "45085a74-189a-4f36-9de7-a6f87e3fc2c2",
  "sub": "test-user"
}
(pass) MCP Endpoint ÔÇö /mcp > Session lifecycle > token is refreshed on each request via tokenRef
[2026-04-28T23:33:22.431Z] [32minfo[0m [[36mserver[0m] MCP session initialized
{
  "sessionId": "e31cc5a1-27d3-4d0f-b9da-fa15d24491f4",
  "sub": "test-user"
}
[2026-04-28T23:33:22.432Z] [32minfo[0m [[36mserver[0m] MCP session closed
{
  "sessionId": "e31cc5a1-27d3-4d0f-b9da-fa15d24491f4"
}
(pass) MCP Endpoint ÔÇö /mcp > DELETE /mcp (session teardown) > DELETE with valid session ID tears down the session [16.00ms]
[2026-04-28T23:33:22.438Z] [32minfo[0m [[36mserver[0m] MCP session initialized
{
  "sessionId": "c00a5e64-a074-432e-8f67-1084861fdb0e",
  "sub": "test-user"
}
[2026-04-28T23:33:22.440Z] [32minfo[0m [[36mserver[0m] MCP session initialized
{
  "sessionId": "02b965e0-5b12-401a-b5be-3b0a42471bd1",
  "sub": "test-user"
}
(pass) MCP Endpoint ÔÇö /mcp > Multiple sessions > two different initializations produce different session IDs
[2026-04-28T23:33:22.446Z] [32minfo[0m [[36mserver[0m] MCP session initialized
{
  "sessionId": "5090a53a-cbc2-47fe-8017-d14da0f407d3",
  "sub": "test-user"
}
[2026-04-28T23:33:22.447Z] [32minfo[0m [[36mserver[0m] MCP session initialized
{
  "sessionId": "519beb0b-dbc9-4339-984f-871c210138b0",
  "sub": "test-user"
}
(pass) MCP Endpoint ÔÇö /mcp > Multiple sessions > requests on one session do not affect another [15.00ms]
[2026-04-28T23:33:22.454Z] [32minfo[0m [[36mserver[0m] MCP session initialized
{
  "sessionId": "a60fc40f-bdca-45cb-9e0b-6042738a78a2",
  "sub": "test-user"
}
(pass) MCP Endpoint ÔÇö /mcp > JSON-RPC batch > accepts a JSON-RPC batch array on an established session
(pass) MCP Endpoint ÔÇö Path Parameter Extraction > extracts single path param and removes it from body args
(pass) MCP Endpoint ÔÇö Path Parameter Extraction > extracts multiple path params
(pass) MCP Endpoint ÔÇö Path Parameter Extraction > returns empty object for routes with no path params
(pass) MCP Endpoint ÔÇö Path Parameter Extraction > converts numeric values to strings
(pass) MCP Endpoint ÔÇö Path Parameter Extraction > handles missing path param in args gracefully
(pass) MCP Endpoint ÔÇö Path Parameter Extraction > handles undefined value for path param

test\mcp-metadata.test.ts:
(pass) MCP Metadata ÔÇö /.well-known/oauth-protected-resource > returns 200 with correct RFC 9728 fields [16.00ms]
(pass) MCP Metadata ÔÇö /.well-known/oauth-protected-resource > authorization_servers points to proxy baseUrl, not Keycloak
(pass) MCP Metadata ÔÇö /.well-known/oauth-protected-resource > resource URL has no double slashes
(pass) MCP Metadata ÔÇö /.well-known/oauth-protected-resource > includes scopes_supported
(pass) MCP Metadata ÔÇö /.well-known/oauth-protected-resource > does not require authentication [15.00ms]
(pass) MCP Metadata ÔÇö /.well-known/oauth-protected-resource/* (path-scoped) > returns same structure as the root metadata
(pass) MCP Metadata ÔÇö /.well-known/oauth-authorization-server > returns 200 with RFC 8414 fields
(pass) MCP Metadata ÔÇö /.well-known/oauth-authorization-server > issuer is proxy baseUrl, not Keycloak
(pass) MCP Metadata ÔÇö /.well-known/oauth-authorization-server > registration_endpoint points to proxy /auth/register, not Keycloak
(pass) MCP Metadata ÔÇö /.well-known/oauth-authorization-server > adds "none" to token_endpoint_auth_methods_supported for public MCP clients [16.00ms]
(pass) MCP Metadata ÔÇö /.well-known/oauth-authorization-server > does not duplicate "none" if Keycloak already includes it
(pass) MCP Metadata ÔÇö /.well-known/oauth-authorization-server > passes through Keycloak authorization/token endpoints
(pass) MCP Metadata ÔÇö /.well-known/oauth-authorization-server > returns 502 when Keycloak is unreachable
(pass) MCP Metadata ÔÇö /.well-known/oauth-authorization-server > returns 500 when Keycloak fetch throws network error
(pass) MCP Metadata ÔÇö /.well-known/oauth-authorization-server > does not require authentication [15.00ms]
(pass) MCP Metadata ÔÇö /.well-known/oauth-authorization-server > includes code_challenge_methods_supported for PKCE

test\mcp-tool-registry.test.ts:
(pass) Tool Registry ÔÇö Schema Extraction > extracts POST/PUT/DELETE routes under /admin/
(pass) Tool Registry ÔÇö Schema Extraction > includes GET routes as read-only tools
(pass) Tool Registry ÔÇö Schema Extraction > skips routes outside the prefix
(pass) Tool Registry ÔÇö Schema Extraction > extracts body schema with correct properties for POST with body
(pass) Tool Registry ÔÇö Schema Extraction > extracts required fields from schema
(pass) Tool Registry ÔÇö Schema Extraction > extracts body schema for user creation with minLength
(pass) Tool Registry ÔÇö Schema Extraction > has no schema for routes without body validation
(pass) Tool Registry ÔÇö Schema Extraction > stores the handler function
(pass) Tool Registry ÔÇö Schema Extraction > stores the correct HTTP method and path
(pass) Tool Registry ÔÇö Schema Extraction > extracts paramsSchema for routes with path parameters
(pass) Tool Registry ÔÇö Schema Extraction > has no paramsSchema for routes without path parameters
(pass) Tool Registry ÔÇö Schema Extraction > extracts paramsSchema for delete routes (no body)
(pass) Tool Registry ÔÇö JSON Schema Cleaning > produces clean JSON Schema from TypeBox (no Symbol pollution)
(pass) Tool Registry ÔÇö JSON Schema Cleaning > cleans nested object schemas (e.g. array of messages)
(pass) Tool Registry ÔÇö Elysia Context for Handlers > handler receives body args correctly
(pass) Tool Registry ÔÇö Elysia Context for Handlers > handler receives params for path-parameterized routes
(pass) Tool Registry ÔÇö Elysia Context for Handlers > handler receives both body and params for update routes
(pass) Tool Registry ÔÇö Elysia Context for Handlers > handler works with no body for bodyless routes
(pass) Tool Registry ÔÇö getMergedInputSchema > returns body schema when no params
(pass) Tool Registry ÔÇö getMergedInputSchema > returns params schema when no body (DELETE with params)
(pass) Tool Registry ÔÇö getMergedInputSchema > merges body + params into single schema (PUT with both)
(pass) Tool Registry ÔÇö getMergedInputSchema > includes path params in required array
(pass) Tool Registry ÔÇö getMergedInputSchema > returns undefined when neither body nor params
(pass) Tool Registry ÔÇö Path Parameter Extraction > extracts single path param
(pass) Tool Registry ÔÇö Path Parameter Extraction > extracts multiple path params
(pass) Tool Registry ÔÇö Path Parameter Extraction > returns empty for paths with no params
(pass) Tool Registry ÔÇö Path Parameter Extraction > skips params not present in args
(pass) Tool Registry ÔÇö Tool Name Generation > generates create_ prefix for POST routes
(pass) Tool Registry ÔÇö Tool Name Generation > generates update_ prefix for PUT routes
(pass) Tool Registry ÔÇö Tool Name Generation > generates delete_ prefix for DELETE routes
(pass) Tool Registry ÔÇö TypeBox to Zod Conversion (z.fromJSONSchema) > converts TypeBox object schema to a Zod v4 type
(pass) Tool Registry ÔÇö TypeBox to Zod Conversion (z.fromJSONSchema) > validates required fields correctly
(pass) Tool Registry ÔÇö TypeBox to Zod Conversion (z.fromJSONSchema) > handles nested objects and arrays
(pass) Tool Registry ÔÇö TypeBox to Zod Conversion (z.fromJSONSchema) > returns undefined for non-object schemas
(pass) Tool Registry ÔÇö TypeBox to Zod Conversion (z.fromJSONSchema) > round-trips through MCP SDK toJSONSchema correctly

test\monitoring-bugs-round2.test.ts:
(pass) Bug 7: Admin audit recentFailures must be scoped to 24h > recentFailures should only include failures within 24h
(pass) Bug 8: Admin audit hourlyStats must use UTC bucketing > should produce UTC hour keys matching the auth/email pattern
(pass) Bug 8: Admin audit hourlyStats must use UTC bucketing > should NOT produce 24 empty buckets
(pass) Bug 9: Admin audit successRate must be rounded to 2 decimals > should round successRate to 2 decimals
(pass) Bug 9: Admin audit successRate must be rounded to 2 decimals > should return 100 for all-success scenario
(pass) Bug 9: Admin audit successRate must be rounded to 2 decimals > should return 0 for all-failure scenario
(pass) Bug 9: Admin audit successRate must be rounded to 2 decimals > should handle 1/7 correctly (14.29, not 14.285714ÔÇª)
(pass) Bug 10: FhirProxy getRecentEvents must return a copy > should return a new array, not the internal reference
(pass) Bug 10: FhirProxy getRecentEvents must return a copy > mutations on the returned array should not affect internal state
(pass) Bug 10: FhirProxy getRecentEvents must return a copy > filtered results should also not share references

test\monitoring-bugs.test.ts:
(pass) Bug 1: OAuth analytics successfulRequests/failedRequests must be integers > should return integer successfulRequests when totalFlows=7 and successRate=85.71
(pass) Bug 1: OAuth analytics successfulRequests/failedRequests must be integers > should return integer failedRequests when totalFlows=7 and successRate=85.71
(pass) Bug 1: OAuth analytics successfulRequests/failedRequests must be integers > should handle edge case: 0 flows
(pass) Bug 1: OAuth analytics successfulRequests/failedRequests must be integers > should handle 100% success rate
(pass) Bug 1: OAuth analytics successfulRequests/failedRequests must be integers > successfulRequests + failedRequests should equal totalFlows
(pass) Bug 2: OAuth health endpoint must return real metrics > storageUsed should reflect actual in-memory event count relative to capacity
(pass) Bug 2: OAuth health endpoint must return real metrics > throughput should be computed from recent events, not hardcoded
(pass) Bug 2: OAuth health endpoint must return real metrics > storage alert should only appear when storage is actually high
(pass) Bug 2: OAuth health endpoint must return real metrics > storage alert should appear when storage exceeds 70%
(pass) Bug 3: OAuth response time must reflect real measurements > average response time should be computed from actual events
(pass) Bug 3: OAuth response time must reflect real measurements > response time should be 0 when no events exist
(pass) Bug 4: Auth & Email analytics recentErrors must be scoped to 24h > auth recentErrors should only include errors within 24h
(pass) Bug 4: Auth & Email analytics recentErrors must be scoped to 24h > email recentErrors should only include errors within 24h
(pass) Bug 5: Hourly stats must use consistent UTC bucketing > OAuth hourly bucket key should be ISO UTC format
(pass) Bug 5: Hourly stats must use consistent UTC bucketing > Consent hourly bucket key should be ISO UTC format
(pass) Bug 5: Hourly stats must use consistent UTC bucketing > all monitoring domains should produce the same hour key for the same timestamp
(pass) Bug 5: Hourly stats must use consistent UTC bucketing > hourly stats should use sparse bucketing (only hours with data)
(pass) Bug 6: FhirProxy event schema must include userId and username > FhirProxy event should retain userId when present
(pass) Bug 6: FhirProxy event schema must include userId and username > FhirProxy event schema fields should match logger interface

test\notfound.test.ts:
(pass) Not Found behavior > returns 404 for an unknown route
(pass) Not Found behavior > returns 200 for defined route

test\pdf-extract-opendataloader.test.ts:
(pass) pdf-extract-opendataloader > should return markdown and engine name on success
(pass) pdf-extract-opendataloader > should estimate page count from --- markers
(pass) pdf-extract-opendataloader > should handle single page with no separators
(pass) pdf-extract-opendataloader > should find fallback .md file when basename does not match
(pass) pdf-extract-opendataloader > should throw when no markdown output is produced
(pass) pdf-extract-opendataloader > should pass correct options to convert()
(pass) pdf-extract-opendataloader > should clean up temp dir even on failure [62.00ms]

test\person-resolver.test.ts:
(pass) Person Resolver > getIalConfig > should return default config when no env vars set
(pass) Person Resolver > getIalConfig > should read config from env vars
(pass) Person Resolver > resolvePerson > should return error when no Person in fhirUser
(pass) Person Resolver > resolvePerson > should return error when fhirUser is not a Person
(pass) Person Resolver > resolvePerson > should fetch Person from FHIR server and extract links
(pass) Person Resolver > resolvePerson > should cache Person after fetch
(pass) Person Resolver > resolvePerson > should handle 404 Person not found
(pass) Person Resolver > resolvePerson > should handle fetch errors gracefully
(pass) Person Resolver > resolvePerson > should handle Person with no links
(pass) Person Resolver > resolvePerson > should extract Person ID from full URL
(pass) Person Resolver > checkIal > should allow when IAL checking is disabled
(pass) Person Resolver > checkIal > should enforce minimum IAL when enabled
(pass) Person Resolver > checkIal > should allow when IAL meets requirement
(pass) Person Resolver > checkIal > should enforce higher IAL for sensitive resources
(pass) Person Resolver > checkIal > should deny when patient link not verified
(pass) Person Resolver > checkIal > should allow on Person lookup failure when configured
(pass) Person Resolver > verifyPatientLinkOnly > should return verified true when no patient context
(pass) Person Resolver > verifyPatientLinkOnly > should return verified true when fhirUser is not a Person
(pass) Person Resolver > verifyPatientLinkOnly > should verify patient link when present
(pass) Person Resolver > verifyPatientLinkOnly > should fail verification when patient not linked
(pass) Person Resolver > Person Cache > should track cache statistics
(pass) Person Resolver > Person Cache > should clear cache

test\post-logout-redirect-uris.test.ts:
(pass) Smart-Apps POST / ÔÇö post.logout.redirect.uris on create > includes post.logout.redirect.uris: "+" in the Keycloak create payload [15.00ms]
(pass) Smart-Apps POST / ÔÇö post.logout.redirect.uris on create > sets post.logout.redirect.uris alongside PKCE config [16.00ms]
(pass) Smart-Apps PUT /:clientId ÔÇö post.logout.redirect.uris on update > preserves existing post.logout.redirect.uris value on update
(pass) Smart-Apps PUT /:clientId ÔÇö post.logout.redirect.uris on update > defaults post.logout.redirect.uris to "+" when existing client lacks it
(pass) ensurePostLogoutRedirectUris ÔÇö startup repair > repairs clients missing post.logout.redirect.uris [16.00ms]
(pass) ensurePostLogoutRedirectUris ÔÇö startup repair > skips internal Keycloak clients
(pass) ensurePostLogoutRedirectUris ÔÇö startup repair > no-ops when all clients already have the attribute
(pass) ensurePostLogoutRedirectUris ÔÇö startup repair > skips clients without id or clientId
(pass) ensurePostLogoutRedirectUris ÔÇö startup repair > preserves existing attributes when repairing
(pass) ensurePostLogoutRedirectUris ÔÇö startup repair > silently skips when no admin credentials configured

test\routes.integration.test.ts:
(pass) Route modules integration (mounted into test Elysia app) > auth config endpoint should respond with keycloak info when auth route is available [15.00ms]
(pass) Route modules integration (mounted into test Elysia app) > status endpoint should return health info when status route is available [15.00ms]

test\scope-enforcement.e2e.test.ts:
(pass) Scope Enforcement E2E ÔÇö FHIR Proxy Pipeline > authentication layer > should return 401 when no token is provided
(pass) Scope Enforcement E2E ÔÇö FHIR Proxy Pipeline > authentication layer > should return 401 for invalid token [16.00ms]
(pass) Scope Enforcement E2E ÔÇö FHIR Proxy Pipeline > authentication layer > should allow unauthenticated access to metadata endpoint
(pass) Scope Enforcement E2E ÔÇö FHIR Proxy Pipeline > scope enforcement disabled > should allow any request regardless of scopes
(pass) Scope Enforcement E2E ÔÇö FHIR Proxy Pipeline > scope enforcement disabled > should allow writes even without write scopes
(pass) Scope Enforcement E2E ÔÇö FHIR Proxy Pipeline > scope enforcement ÔÇö enforce mode > should allow GET Patient with patient/*.read scope
(pass) Scope Enforcement E2E ÔÇö FHIR Proxy Pipeline > scope enforcement ÔÇö enforce mode > should allow GET Observation with patient/Observation.read scope
(pass) Scope Enforcement E2E ÔÇö FHIR Proxy Pipeline > scope enforcement ÔÇö enforce mode > should allow GET Patient/123 with patient/*.read scope [16.00ms]
(pass) Scope Enforcement E2E ÔÇö FHIR Proxy Pipeline > scope enforcement ÔÇö enforce mode > should allow GET with system/*.read scope for any resource
(pass) Scope Enforcement E2E ÔÇö FHIR Proxy Pipeline > scope enforcement ÔÇö enforce mode > should allow system/*.* (superuser) for any method and resource
(pass) Scope Enforcement E2E ÔÇö FHIR Proxy Pipeline > scope enforcement ÔÇö enforce mode > should deny GET Patient with patient/Observation.read scope (wrong resource)
(pass) Scope Enforcement E2E ÔÇö FHIR Proxy Pipeline > scope enforcement ÔÇö enforce mode > should deny POST Observation with patient/Observation.read scope (read-only) [15.00ms]
(pass) Scope Enforcement E2E ÔÇö FHIR Proxy Pipeline > scope enforcement ÔÇö enforce mode > should deny GET when token has no SMART scopes (only openid/profile/email)
(pass) Scope Enforcement E2E ÔÇö FHIR Proxy Pipeline > scope enforcement ÔÇö enforce mode > should deny DELETE with system/*.read scope (read does not grant delete)
(pass) Scope Enforcement E2E ÔÇö FHIR Proxy Pipeline > scope enforcement ÔÇö enforce mode > should deny GET Observation with user/Observation.write scope
(pass) Scope Enforcement E2E ÔÇö FHIR Proxy Pipeline > scope enforcement ÔÇö enforce mode > should deny PUT with only read+search scope (rs)
(pass) Scope Enforcement E2E ÔÇö FHIR Proxy Pipeline > resource-type isolation > should allow only the resource types granted by the token
(pass) Scope Enforcement E2E ÔÇö FHIR Proxy Pipeline > v2 CRUDS scopes > should allow POST and PUT with patient/Patient.cu scope [16.00ms]
(pass) Scope Enforcement E2E ÔÇö FHIR Proxy Pipeline > v2 CRUDS scopes > should deny GET with patient/Patient.cu scope (no read)
(pass) Scope Enforcement E2E ÔÇö FHIR Proxy Pipeline > v2 CRUDS scopes > should deny DELETE with patient/Patient.cu scope (no delete)
(pass) Scope Enforcement E2E ÔÇö FHIR Proxy Pipeline > v2 CRUDS scopes > should allow all CRUD operations with patient/Patient.cruds scope
(pass) Scope Enforcement E2E ÔÇö FHIR Proxy Pipeline > POST _search (search via POST) > should allow POST _search with read scope (treated as search)
(pass) Scope Enforcement E2E ÔÇö FHIR Proxy Pipeline > POST _search (search via POST) > should allow POST _search with rs scope
(pass) Scope Enforcement E2E ÔÇö FHIR Proxy Pipeline > POST _search (search via POST) > should deny POST _search when only write scope is present [15.00ms]
(pass) Scope Enforcement E2E ÔÇö FHIR Proxy Pipeline > POST _search (search via POST) > should deny POST _search for wrong resource type
(pass) Scope Enforcement E2E ÔÇö FHIR Proxy Pipeline > POST _search (search via POST) > should still require create scope for regular POST (not _search)
(pass) Scope Enforcement E2E ÔÇö FHIR Proxy Pipeline > scope enforcement ÔÇö audit-only mode > should allow request even when scopes do not match (logs only)
(pass) Scope Enforcement E2E ÔÇö FHIR Proxy Pipeline > scope enforcement ÔÇö audit-only mode > should allow writes without write scopes in audit-only mode
(pass) Scope Enforcement E2E ÔÇö FHIR Proxy Pipeline > edge cases through HTTP pipeline > should handle resource paths with IDs (Patient/123) [16.00ms]
(pass) Scope Enforcement E2E ÔÇö FHIR Proxy Pipeline > edge cases through HTTP pipeline > should handle nested paths (Patient/123/_history)
(pass) Scope Enforcement E2E ÔÇö FHIR Proxy Pipeline > edge cases through HTTP pipeline > should return 400 for unsupported FHIR version
(pass) Scope Enforcement E2E ÔÇö FHIR Proxy Pipeline > edge cases through HTTP pipeline > should return 404 for unknown FHIR server
(pass) Scope Enforcement E2E ÔÇö FHIR Proxy Pipeline > edge cases through HTTP pipeline > should handle $operation paths with correct scope

test\smart-access-control.test.ts:
(pass) SMART Scope Enforcement > when disabled > should allow any request regardless of scopes
(pass) SMART Scope Enforcement > when mode = enforce > should allow GET with patient/*.read scope
(pass) SMART Scope Enforcement > when mode = enforce > should allow GET with user/Patient.read scope
(pass) SMART Scope Enforcement > when mode = enforce > should deny GET when only write scope is present
(pass) SMART Scope Enforcement > when mode = enforce > should allow POST with patient/Observation.write scope
(pass) SMART Scope Enforcement > when mode = enforce > should deny POST when only read scope is present
(pass) SMART Scope Enforcement > when mode = enforce > should allow any operation with wildcard permission (*)
(pass) SMART Scope Enforcement > when mode = enforce > should allow any resource with wildcard resource (*)
(pass) SMART Scope Enforcement > when mode = enforce > should deny when scope resource does not match requested resource
(pass) SMART Scope Enforcement > when mode = enforce > should allow GET with v2 scope containing "r" (read)
(pass) SMART Scope Enforcement > when mode = enforce > should allow POST with v2 scope containing "c" (create)
(pass) SMART Scope Enforcement > when mode = enforce > should allow PUT with v2 scope containing "u" (update)
(pass) SMART Scope Enforcement > when mode = enforce > should allow DELETE with v2 scope containing "d" (delete)
(pass) SMART Scope Enforcement > when mode = enforce > should allow GET with v2 scope containing only "s" (search)
(pass) SMART Scope Enforcement > when mode = enforce > should deny DELETE when v2 scope only has "cru" (no d)
(pass) SMART Scope Enforcement > when mode = enforce > should allow full cruds scope for any method
(pass) SMART Scope Enforcement > when mode = enforce > should allow system scopes
(pass) SMART Scope Enforcement > when mode = enforce > should allow GET with agent/Observation.rs scope
(pass) SMART Scope Enforcement > when mode = enforce > should allow POST with agent/Encounter.c scope
(pass) SMART Scope Enforcement > when mode = enforce > should deny GET when agent scope only has create permission
(pass) SMART Scope Enforcement > when mode = enforce > should deny POST when agent scope only has read+search permission
(pass) SMART Scope Enforcement > when mode = enforce > should deny access to resources not in agent scope
(pass) SMART Scope Enforcement > when mode = enforce > should allow agent scope with v1 read format
(pass) SMART Scope Enforcement > when mode = enforce > should skip scope check for metadata endpoint
(pass) SMART Scope Enforcement > when mode = enforce > should skip scope check for empty resource path
(pass) SMART Scope Enforcement > when mode = enforce > should handle missing scope claim gracefully
(pass) SMART Scope Enforcement > when mode = enforce > should deny when scope has non-SMART format
(pass) SMART Scope Enforcement > when mode = enforce > should extract resource type from paths with ID (Patient/123)
(pass) SMART Scope Enforcement > when mode = enforce > should extract resource type from paths with query (Patient?name=test)
(pass) SMART Scope Enforcement > when mode = enforce > should handle multiple scopes where one matches
(pass) SMART Scope Enforcement > when mode = audit-only > should allow request even when scope check fails (logs only)
(pass) SMART Scope Enforcement > POST _search handling > should allow POST _search with read scope (v1)
(pass) SMART Scope Enforcement > POST _search handling > should allow POST _search with search permission (v2 s)
(pass) SMART Scope Enforcement > POST _search handling > should allow POST _search with rs scope (v2)
(pass) SMART Scope Enforcement > POST _search handling > should deny POST _search when only create scope is present
(pass) SMART Scope Enforcement > POST _search handling > should allow POST _search with query params
(pass) SMART Scope Enforcement > POST _search handling > should still require create scope for regular POST (not _search)
(pass) SMART Scope Enforcement > POST _search handling > should allow POST _search with wildcard resource and read scope
(pass) SMART Scope Enforcement > POST _search handling > should allow POST _search with write scope (v1 write includes search capability)
(pass) SMART Scope Enforcement > POST _search handling > should allow POST _search with wildcard permission (*)
(pass) SMART Scope Enforcement > POST _search handling > should allow POST _search with system scope
(pass) SMART Scope Enforcement > v2 CRUDS granular permissions > should deny PUT with only create permission (c)
(pass) SMART Scope Enforcement > v2 CRUDS granular permissions > should deny PATCH with only create permission (c)
(pass) SMART Scope Enforcement > v2 CRUDS granular permissions > should allow PATCH with update permission (u)
(pass) SMART Scope Enforcement > v2 CRUDS granular permissions > should deny POST with only update permission (u)
(pass) SMART Scope Enforcement > v2 CRUDS granular permissions > should deny GET with only delete permission (d)
(pass) SMART Scope Enforcement > v2 CRUDS granular permissions > should deny DELETE with only read and search (rs)
(pass) SMART Scope Enforcement > v2 CRUDS granular permissions > should allow combined cu for both POST and PUT
(pass) SMART Scope Enforcement > v2 CRUDS granular permissions > should deny GET with cu scope (no read or search)
(pass) SMART Scope Enforcement > v2 CRUDS granular permissions > should handle single-character permissions correctly for each CRUDS letter
(pass) SMART Scope Enforcement > cross-context scope isolation > should not mix patient and user context scopes
(pass) SMART Scope Enforcement > cross-context scope isolation > should match when any of multiple scopes grants access
(pass) SMART Scope Enforcement > cross-context scope isolation > should allow when token has both patient and user scopes for same resource
(pass) SMART Scope Enforcement > wildcard combinations > should allow system/*.* for any resource and any method
(pass) SMART Scope Enforcement > wildcard combinations > should allow patient/*.cruds for any resource and any method
(pass) SMART Scope Enforcement > wildcard combinations > should deny patient/*.rs for write methods
(pass) SMART Scope Enforcement > resource path edge cases > should handle nested paths like Patient/123/_history/2
(pass) SMART Scope Enforcement > resource path edge cases > should handle compartment searches like Patient/123/Observation
(pass) SMART Scope Enforcement > resource path edge cases > should handle $operation paths
(pass) SMART Scope Enforcement > resource path edge cases > should handle POST $operation as the operation method not create
(pass) SMART Scope Enforcement > resource path edge cases > should handle resource type with version in path (Patient/123/_history)
(pass) SMART Scope Enforcement > error response format > should return 403 with insufficient_scope error
(pass) SMART Scope Enforcement > error response format > should include resource type and method in error message
(pass) SMART Scope Enforcement > malformed and adversarial scopes > should ignore scopes with invalid context prefix
(pass) SMART Scope Enforcement > malformed and adversarial scopes > should ignore scopes missing the dot separator
(pass) SMART Scope Enforcement > malformed and adversarial scopes > should ignore scopes with extra path segments
(pass) SMART Scope Enforcement > malformed and adversarial scopes > should not be tricked by scope with cruds-like resource name
(pass) SMART Scope Enforcement > malformed and adversarial scopes > should handle scope string with extra whitespace
(pass) SMART Scope Enforcement > malformed and adversarial scopes > should handle scope with null value
(pass) SMART Scope Enforcement > malformed and adversarial scopes > should handle scope with undefined value
(pass) SMART Scope Enforcement > malformed and adversarial scopes > should reject v2 permissions longer than 5 chars as non-CRUDS
(pass) SMART Scope Enforcement > malformed and adversarial scopes > should reject v2 permissions with invalid characters
(pass) Role-Based Filtering > when disabled > should pass through without modification
(pass) Role-Based Filtering > when mode = enforce > should allow request when no fhirUser claim present
(pass) Role-Based Filtering > when mode = enforce > should handle relative fhirUser references (Patient/123)
(pass) Role-Based Filtering > when mode = enforce > should handle absolute URL fhirUser (https://fhir.example.com/Patient/123)
(pass) Role-Based Filtering > when mode = enforce > should handle absolute URL fhirUser for Practitioner
(pass) Role-Based Filtering > when mode = enforce > Practitioner > should inject general-practitioner filter on Patient search
(pass) Role-Based Filtering > when mode = enforce > Practitioner > should append to existing query string
(pass) Role-Based Filtering > when mode = enforce > Practitioner > should allow direct Patient read when assigned
(pass) Role-Based Filtering > when mode = enforce > Practitioner > should deny direct Patient read when NOT assigned
(pass) Role-Based Filtering > when mode = enforce > Practitioner > should skip FHIR operations (Patient/$everything)
(pass) Role-Based Filtering > when mode = enforce > Practitioner > should inject patient filter on patient-scoped resource search
(pass) Role-Based Filtering > when mode = enforce > Practitioner > should return empty bundle when practitioner has no assigned patients (resource search)
(pass) Role-Based Filtering > when mode = enforce > Practitioner > should return 502 when upstream fails during patient lookup (enforce)
(pass) Role-Based Filtering > when mode = enforce > Practitioner > should not filter non-patient-scoped resources
(pass) Role-Based Filtering > when mode = enforce > Practitioner > should deny direct read of patient-scoped resource when not assigned (Observation/123)
(pass) Role-Based Filtering > when mode = enforce > Practitioner > should allow direct read of patient-scoped resource when assigned
(pass) Role-Based Filtering > when mode = enforce > Patient > should restrict Patient search to own record
(pass) Role-Based Filtering > when mode = enforce > Patient > should allow direct read of own Patient record
(pass) Role-Based Filtering > when mode = enforce > Patient > should deny direct read of another Patient record
(pass) Role-Based Filtering > when mode = enforce > Patient > should allow Patient/$everything (FHIR operation)
(pass) Role-Based Filtering > when mode = enforce > Patient > should inject patient filter on patient-scoped resource search
(pass) Role-Based Filtering > when mode = enforce > Patient > should append to existing query string for patient-scoped resources
(pass) Role-Based Filtering > when mode = enforce > Patient > should allow direct read of own patient-scoped resource
(pass) Role-Based Filtering > when mode = enforce > Patient > should deny direct read of unowned patient-scoped resource
(pass) Role-Based Filtering > when mode = enforce > Patient > should return 502 when upstream fails during ownership check
(pass) Role-Based Filtering > when mode = enforce > Patient > should not filter non-patient-scoped resources
(pass) Role-Based Filtering > when mode = enforce > Patient > should handle fhirUser as full URL
(pass) Role-Based Filtering > when mode = enforce > audit-only mode > should allow denied Patient access (logs warning only)
(pass) Role-Based Filtering > when mode = enforce > audit-only mode > should allow denied Practitioner access (logs warning only)
(pass) Role-Based Filtering > when mode = enforce > audit-only mode > should still inject filter params on Patient search (audit-only)
(pass) Role-Based Filtering > when mode = enforce > custom PATIENT_SCOPED_RESOURCES > should filter configured resources
(pass) Role-Based Filtering > when mode = enforce > custom PATIENT_SCOPED_RESOURCES > should NOT filter resources not in the custom list

test\status.test.ts:
(pass) Status Routes (Mock) > should have health endpoint
(pass) Status Routes (Mock) > should return status information
(pass) Status Routes (Mock) > should handle multiple requests

test\tool-registry-merge.test.ts:
(pass) getMergedInputSchema > returns undefined when both schemas are missing
(pass) getMergedInputSchema > returns bodySchema directly when no paramsSchema
(pass) getMergedInputSchema > returns paramsSchema directly when no bodySchema
(pass) getMergedInputSchema > merges body + path params into a single schema with all properties
(pass) getMergedInputSchema > REGRESSION: merged schema preserves TypeBox [Kind] symbol
(pass) getMergedInputSchema > REGRESSION: merged property schemas preserve [Kind] symbols
(pass) getMergedInputSchema > REGRESSION: Value.Check does NOT throw "Unknown type" on merged schema
(pass) getMergedInputSchema > REGRESSION: Value.Check validates correctly on merged schema
(pass) getMergedInputSchema > merges required fields from both schemas
(pass) getMergedInputSchema > path params override body properties with the same name
(pass) getMergedInputSchema > handles schemas with Union types (common in update routes)
(pass) getMergedInputSchema > handles all-optional body (PATCH semantics) with required path param

test\unifi-access-provider.test.ts:
(pass) UnifiAccessProvider > provider metadata > reports correct name and display name
(pass) UnifiAccessProvider > provider metadata > reports correct capabilities
(pass) UnifiAccessProvider > provider metadata > has optional methods for groups, members, sync and events
(pass) UnifiAccessProvider > getLocations > returns all floors as locations
(pass) UnifiAccessProvider > getLocations > supports pagination
(pass) UnifiAccessProvider > getLocations > supports text search
(pass) UnifiAccessProvider > getLocation > returns a specific floor by ID
(pass) UnifiAccessProvider > getLocation > throws for unknown ID
(pass) UnifiAccessProvider > getDoors > returns all doors across all floors
(pass) UnifiAccessProvider > getDoors > maps online status from device_groups
(pass) UnifiAccessProvider > getDoors > sets locationId from parent floor
(pass) UnifiAccessProvider > getDoor > returns a specific door by ID
(pass) UnifiAccessProvider > getDoor > throws for unknown ID
(pass) UnifiAccessProvider > unlock > calls api.unlock with the correct device
(pass) UnifiAccessProvider > unlock > throws when device not found
(pass) UnifiAccessProvider > unlock > throws when unlock command fails
(pass) UnifiAccessProvider > isHealthy > returns true when bootstrapped

test\user-federation.test.ts:
(pass) User Federation Routes > Authentication > returns 401 when no authorization header is provided
(pass) User Federation Routes > Authentication > returns 401 for list endpoint without auth
(pass) User Federation Routes > Authentication > returns 401 for create endpoint without auth
(pass) User Federation Routes > GET /count > returns count of LDAP providers
(pass) User Federation Routes > GET /count > returns 0 when no providers exist [16.00ms]
(pass) User Federation Routes > GET /count > only counts LDAP providers, not other storage providers
(pass) User Federation Routes > GET / > returns list of LDAP federation providers
(pass) User Federation Routes > GET / > returns empty array when no providers exist
(pass) User Federation Routes > GET / > filters out non-LDAP providers
(pass) User Federation Routes > POST / > creates a new LDAP federation provider [15.00ms]
(pass) User Federation Routes > POST / > calls components.create with LDAP provider settings
(pass) User Federation Routes > GET /:id > returns a specific LDAP provider
(pass) User Federation Routes > GET /:id > returns 404 when provider does not exist
(pass) User Federation Routes > GET /:id > returns 404 when component is not a UserStorageProvider
(pass) User Federation Routes > PUT /:id > updates an existing LDAP provider [16.00ms]
(pass) User Federation Routes > PUT /:id > returns 404 when updating nonexistent provider
(pass) User Federation Routes > PUT /:id > returns 404 when updating component with wrong type
(pass) User Federation Routes > DELETE /:id > deletes an LDAP provider
(pass) User Federation Routes > DELETE /:id > calls components.del with correct id
(pass) User Federation Routes > POST /:id/sync > triggers a full sync
(pass) User Federation Routes > POST /:id/sync > triggers a changed-users sync [15.00ms]
(pass) User Federation Routes > POST /:id/sync > passes the provider id correctly
(pass) User Federation Routes > POST /:id/remove-imported > removes imported users
(pass) User Federation Routes > POST /:id/remove-imported > passes correct provider id
(pass) User Federation Routes > POST /:id/unlink > unlinks federated users
(pass) User Federation Routes > POST /test-connection > returns success when connection test passes [16.00ms]
(pass) User Federation Routes > POST /test-connection > returns failure when connection test throws
(pass) User Federation Routes > POST /test-connection > calls testLDAPConnection with correct parameters
(pass) User Federation Routes > POST /test-authentication > returns success when authentication test passes
(pass) User Federation Routes > POST /test-authentication > returns failure when authentication test throws
(pass) User Federation Routes > POST /test-authentication > uses testAuthentication action instead of testConnection
(pass) User Federation Routes > GET /:id/mappers > returns mappers for a federation provider [16.00ms]
(pass) User Federation Routes > GET /:id/mappers > returns empty array when no mappers exist
(pass) User Federation Routes > GET /:id/mappers > queries with parent id and mapper type
(pass) Config Conversion Logic > toKeycloakConfig > wraps string values in arrays
(pass) Config Conversion Logic > toKeycloakConfig > converts boolean values to string arrays
(pass) Config Conversion Logic > toKeycloakConfig > converts numeric values to string arrays
(pass) Config Conversion Logic > toKeycloakConfig > skips null and undefined values
(pass) Config Conversion Logic > toKeycloakConfig > handles empty config
(pass) Config Conversion Logic > fromKeycloakConfig > extracts first element from arrays
(pass) Config Conversion Logic > fromKeycloakConfig > handles string values (non-array)
(pass) Config Conversion Logic > fromKeycloakConfig > returns empty string for empty arrays
(pass) Config Conversion Logic > fromKeycloakConfig > returns empty object for undefined config
(pass) Config Conversion Logic > fromKeycloakConfig > returns empty object for no config
(pass) extractToken > extracts token from Bearer header
(pass) extractToken > returns null for undefined
(pass) extractToken > returns null for empty string
(pass) extractToken > handles token without Bearer prefix

test\validation-and-errors.test.ts:
(pass) Validation and error flows via Elysia hooks > returns 422 on validation failure
(pass) Validation and error flows via Elysia hooks > returns computed sum for valid payload
(pass) Validation and error flows via Elysia hooks > handles non-JSON with 400/500 gracefully

test\validation.test.ts:
(pass) Validation Tests > should validate required fields
(pass) Validation Tests > should reject invalid email format
(pass) Validation Tests > should reject missing required fields
(pass) Validation Tests > should handle optional fields
(pass) Header and Context Tests > should access headers
(pass) Header and Context Tests > should derive context values
(pass) Header and Context Tests > should handle missing derived values

 722 pass
 0 fail
 1724 expect() calls
Ran 722 tests across 43 files. [1.83s]
